Component: ARM Compiler 5.06 update 6 (build 750) Tool: armlink [4d35ed]

==============================================================================

Section Cross References

    startup_stm32f40_41xxx.o(RESET) refers to startup_stm32f40_41xxx.o(STACK) for __initial_sp
    startup_stm32f40_41xxx.o(RESET) refers to startup_stm32f40_41xxx.o(.text) for Reset_Handler
    startup_stm32f40_41xxx.o(RESET) refers to stm32f4xx_it.o(i.NMI_Handler) for NMI_Handler
    startup_stm32f40_41xxx.o(RESET) refers to stm32f4xx_it.o(i.HardFault_Handler) for HardFault_Handler
    startup_stm32f40_41xxx.o(RESET) refers to stm32f4xx_it.o(i.MemManage_Handler) for MemManage_Handler
    startup_stm32f40_41xxx.o(RESET) refers to stm32f4xx_it.o(i.BusFault_Handler) for BusFault_Handler
    startup_stm32f40_41xxx.o(RESET) refers to stm32f4xx_it.o(i.UsageFault_Handler) for UsageFault_Handler
    startup_stm32f40_41xxx.o(RESET) refers to port.o(.emb_text) for SVC_Handler
    startup_stm32f40_41xxx.o(RESET) refers to stm32f4xx_it.o(i.DebugMon_Handler) for DebugMon_Handler
    startup_stm32f40_41xxx.o(RESET) refers to port.o(i.SysTick_Handler) for SysTick_Handler
    startup_stm32f40_41xxx.o(RESET) refers to usart3.o(i.DMA1_Stream3_IRQHandler) for DMA1_Stream3_IRQHandler
    startup_stm32f40_41xxx.o(RESET) refers to usart2.o(i.DMA1_Stream6_IRQHandler) for DMA1_Stream6_IRQHandler
    startup_stm32f40_41xxx.o(RESET) refers to exti.o(i.EXTI9_5_IRQHandler) for EXTI9_5_IRQHandler
    startup_stm32f40_41xxx.o(RESET) refers to tim1.o(i.TIM1_CC_IRQHandler) for TIM1_CC_IRQHandler
    startup_stm32f40_41xxx.o(RESET) refers to tim3.o(i.TIM3_IRQHandler) for TIM3_IRQHandler
    startup_stm32f40_41xxx.o(RESET) refers to tim4.o(i.TIM4_IRQHandler) for TIM4_IRQHandler
    startup_stm32f40_41xxx.o(RESET) refers to usart1.o(i.USART1_IRQHandler) for USART1_IRQHandler
    startup_stm32f40_41xxx.o(RESET) refers to usart2.o(i.USART2_IRQHandler) for USART2_IRQHandler
    startup_stm32f40_41xxx.o(RESET) refers to usart3.o(i.USART3_IRQHandler) for USART3_IRQHandler
    startup_stm32f40_41xxx.o(RESET) refers to usart1.o(i.DMA2_Stream7_IRQHandler) for DMA2_Stream7_IRQHandler
    startup_stm32f40_41xxx.o(RESET) refers to usart6.o(i.USART6_IRQHandler) for USART6_IRQHandler
    startup_stm32f40_41xxx.o(.text) refers to system_stm32f4xx.o(i.SystemInit) for SystemInit
    startup_stm32f40_41xxx.o(.text) refers to entry.o(.ARM.Collect$$$$00000000) for __main
    system_stm32f4xx.o(i.SystemCoreClockUpdate) refers to system_stm32f4xx.o(.data) for SystemCoreClock
    system_stm32f4xx.o(i.SystemInit) refers to system_stm32f4xx.o(i.SetSysClock) for SetSysClock
    stm32f4xx_adc.o(i.ADC_DeInit) refers to stm32f4xx_rcc.o(i.RCC_APB2PeriphResetCmd) for RCC_APB2PeriphResetCmd
    stm32f4xx_can.o(i.CAN_DeInit) refers to stm32f4xx_rcc.o(i.RCC_APB1PeriphResetCmd) for RCC_APB1PeriphResetCmd
    stm32f4xx_can.o(i.CAN_GetITStatus) refers to stm32f4xx_can.o(i.CheckITStatus) for CheckITStatus
    stm32f4xx_cryp.o(i.CRYP_DeInit) refers to stm32f4xx_rcc.o(i.RCC_AHB2PeriphResetCmd) for RCC_AHB2PeriphResetCmd
    stm32f4xx_cryp_aes.o(i.CRYP_AES_CBC) refers to stm32f4xx_cryp.o(i.CRYP_KeyStructInit) for CRYP_KeyStructInit
    stm32f4xx_cryp_aes.o(i.CRYP_AES_CBC) refers to stm32f4xx_cryp.o(i.CRYP_FIFOFlush) for CRYP_FIFOFlush
    stm32f4xx_cryp_aes.o(i.CRYP_AES_CBC) refers to stm32f4xx_cryp.o(i.CRYP_Init) for CRYP_Init
    stm32f4xx_cryp_aes.o(i.CRYP_AES_CBC) refers to stm32f4xx_cryp.o(i.CRYP_KeyInit) for CRYP_KeyInit
    stm32f4xx_cryp_aes.o(i.CRYP_AES_CBC) refers to stm32f4xx_cryp.o(i.CRYP_Cmd) for CRYP_Cmd
    stm32f4xx_cryp_aes.o(i.CRYP_AES_CBC) refers to stm32f4xx_cryp.o(i.CRYP_GetFlagStatus) for CRYP_GetFlagStatus
    stm32f4xx_cryp_aes.o(i.CRYP_AES_CBC) refers to stm32f4xx_cryp.o(i.CRYP_IVInit) for CRYP_IVInit
    stm32f4xx_cryp_aes.o(i.CRYP_AES_CBC) refers to stm32f4xx_cryp.o(i.CRYP_GetCmdStatus) for CRYP_GetCmdStatus
    stm32f4xx_cryp_aes.o(i.CRYP_AES_CBC) refers to stm32f4xx_cryp.o(i.CRYP_DataIn) for CRYP_DataIn
    stm32f4xx_cryp_aes.o(i.CRYP_AES_CBC) refers to stm32f4xx_cryp.o(i.CRYP_DataOut) for CRYP_DataOut
    stm32f4xx_cryp_aes.o(i.CRYP_AES_CCM) refers to stm32f4xx_cryp.o(i.CRYP_KeyStructInit) for CRYP_KeyStructInit
    stm32f4xx_cryp_aes.o(i.CRYP_AES_CCM) refers to stm32f4xx_cryp.o(i.CRYP_FIFOFlush) for CRYP_FIFOFlush
    stm32f4xx_cryp_aes.o(i.CRYP_AES_CCM) refers to stm32f4xx_cryp.o(i.CRYP_KeyInit) for CRYP_KeyInit
    stm32f4xx_cryp_aes.o(i.CRYP_AES_CCM) refers to stm32f4xx_cryp.o(i.CRYP_IVInit) for CRYP_IVInit
    stm32f4xx_cryp_aes.o(i.CRYP_AES_CCM) refers to stm32f4xx_cryp.o(i.CRYP_Init) for CRYP_Init
    stm32f4xx_cryp_aes.o(i.CRYP_AES_CCM) refers to stm32f4xx_cryp.o(i.CRYP_PhaseConfig) for CRYP_PhaseConfig
    stm32f4xx_cryp_aes.o(i.CRYP_AES_CCM) refers to stm32f4xx_cryp.o(i.CRYP_DataIn) for CRYP_DataIn
    stm32f4xx_cryp_aes.o(i.CRYP_AES_CCM) refers to stm32f4xx_cryp.o(i.CRYP_Cmd) for CRYP_Cmd
[...]
    __aeabi_d2uiz                            0x08000725   Thumb Code    50  dfixui.o(.text)
    __aeabi_cdcmpeq                          0x08000759   Thumb Code     0  cdcmple.o(.text)
    __aeabi_cdcmple                          0x08000759   Thumb Code    48  cdcmple.o(.text)
    __aeabi_cdrcmple                         0x08000789   Thumb Code    48  cdrcmple.o(.text)
    __aeabi_uidiv                            0x080007b9   Thumb Code     0  uidiv.o(.text)
    __aeabi_uidivmod                         0x080007b9   Thumb Code    44  uidiv.o(.text)
    __aeabi_uldivmod                         0x080007e5   Thumb Code    98  uldiv.o(.text)
    __aeabi_llsl                             0x08000847   Thumb Code    30  llshl.o(.text)
    _ll_shift_l                              0x08000847   Thumb Code     0  llshl.o(.text)
    __aeabi_llsr                             0x08000865   Thumb Code    32  llushr.o(.text)
    _ll_ushift_r                             0x08000865   Thumb Code     0  llushr.o(.text)
    __aeabi_lasr                             0x08000885   Thumb Code    36  llsshr.o(.text)
    _ll_sshift_r                             0x08000885   Thumb Code     0  llsshr.o(.text)
    __strtod_int                             0x080008df   Thumb Code    90  strtod.o(.text)
    strtol                                   0x08000945   Thumb Code   112  strtol.o(.text)
    __I$use$fp                               0x080009b5   Thumb Code     0  iusefp.o(.text)
    _double_round                            0x080009b5   Thumb Code    30  depilogue.o(.text)
    _double_epilogue                         0x080009d3   Thumb Code   156  depilogue.o(.text)
    __ARM_scalbn                             0x08000a6f   Thumb Code    46  dscalb.o(.text)
    scalbn                                   0x08000a6f   Thumb Code     0  dscalb.o(.text)
    __aeabi_d2ulz                            0x08000a9d   Thumb Code    48  dfixul.o(.text)
    __scatterload                            0x08000acd   Thumb Code    28  init.o(.text)
    __scatterload_rt2                        0x08000acd   Thumb Code     0  init.o(.text)
    _scanf_real                              0x08000c19   Thumb Code     0  scanf_fp.o(.text)
    _scanf_really_real                       0x08000c19   Thumb Code   556  scanf_fp.o(.text)
    _sgetc                                   0x08000e51   Thumb Code    30  _sgetc.o(.text)
    _sbackspace                              0x08000e6f   Thumb Code    34  _sgetc.o(.text)
    _strtoul                                 0x08000e91   Thumb Code   158  _strtoul.o(.text)
    _dsqrt                                   0x08000f2f   Thumb Code   162  dsqrt.o(.text)
    _chval                                   0x08000fd1   Thumb Code    28  _chval.o(.text)
    __aeabi_ul2d                             0x08000fed   Thumb Code    24  dfltul.o(.text)
    __aeabi_d2f                              0x08001005   Thumb Code    56  d2f.o(.text)
    _float_round                             0x0800103d   Thumb Code    18  fepilogue.o(.text)
    _float_epilogue                          0x0800104f   Thumb Code    92  fepilogue.o(.text)
    __decompress                             0x080010ab   Thumb Code     0  __dczerorl2.o(.text)
    __decompress1                            0x080010ab   Thumb Code    86  __dczerorl2.o(.text)
    ADC_Cmd                                  0x08001101   Thumb Code    22  stm32f4xx_adc.o(i.ADC_Cmd)
    ADC_CommonInit                           0x08001119   Thumb Code    34  stm32f4xx_adc.o(i.ADC_CommonInit)
    ADC_Config                               0x08001149   Thumb Code    24  adc.o(i.ADC_Config)
    ADC_GetConversionValue                   0x080011e9   Thumb Code     8  stm32f4xx_adc.o(i.ADC_GetConversionValue)
    ADC_GetFlagStatus                        0x080011f1   Thumb Code    18  stm32f4xx_adc.o(i.ADC_GetFlagStatus)
    ADC_Init                                 0x08001205   Thumb Code    74  stm32f4xx_adc.o(i.ADC_Init)
    ADC_RegularChannelConfig                 0x080012cd   Thumb Code   184  stm32f4xx_adc.o(i.ADC_RegularChannelConfig)
    ADC_SoftwareStartConv                    0x08001385   Thumb Code    10  stm32f4xx_adc.o(i.ADC_SoftwareStartConv)
    ADC_StructInit                           0x0800138f   Thumb Code    20  stm32f4xx_adc.o(i.ADC_StructInit)
    Anasysis_Fun                             0x0800142d   Thumb Code   606  resolv.o(i.Anasysis_Fun)
    BoardConHeatDish_DOWN                    0x08001699   Thumb Code    68  elect.o(i.BoardConHeatDish_DOWN)
    BoardConHeatDish_UP                      0x080016e9   Thumb Code    68  elect.o(i.BoardConHeatDish_UP)
    BusFault_Handler                         0x08001739   Thumb Code     4  stm32f4xx_it.o(i.BusFault_Handler)
    Calc_Temp                                0x0800173d   Thumb Code   144  resolv.o(i.Calc_Temp)
    Calcu_Config                             0x080017d5   Thumb Code    84  tim3.o(i.Calcu_Config)
    CalculateSModelLine                      0x08001831   Thumb Code   192  tim3.o(i.CalculateSModelLine)
    Close_PR59                               0x0800199d   Thumb Code    80  control.o(i.Close_PR59)
    CommWind                                 0x08001a7d   Thumb Code    52  commwind.o(i.CommWind)
    Control_Tec                              0x08001ac9   Thumb Code   722  control.o(i.Control_Tec)
    DMA1_Stream3_IRQHandler                  0x08001dc5   Thumb Code   148  usart3.o(i.DMA1_Stream3_IRQHandler)
    DMA1_Stream6_IRQHandler                  0x08001e61   Thumb Code   144  usart2.o(i.DMA1_Stream6_IRQHandler)
    DMA2_Stream7_IRQHandler                  0x08001efd   Thumb Code   148  usart1.o(i.DMA2_Stream7_IRQHandler)
    DMA_ClearFlag                            0x08001f99   Thumb Code    38  stm32f4xx_dma.o(i.DMA_ClearFlag)
    DMA_Cmd                                  0x08001fcd   Thumb Code    22  stm32f4xx_dma.o(i.DMA_Cmd)
    DMA_DeInit                               0x08001fe5   Thumb Code   324  stm32f4xx_dma.o(i.DMA_DeInit)
    DMA_DoubleBufferModeCmd                  0x0800213d   Thumb Code    22  stm32f4xx_dma.o(i.DMA_DoubleBufferModeCmd)
    DMA_DoubleBufferModeConfig               0x08002153   Thumb Code    24  stm32f4xx_dma.o(i.DMA_DoubleBufferModeConfig)
    DMA_GetCmdStatus                         0x0800216b   Thumb Code    20  stm32f4xx_dma.o(i.DMA_GetCmdStatus)
    DMA_GetCurrDataCounter                   0x0800217f   Thumb Code     8  stm32f4xx_dma.o(i.DMA_GetCurrDataCounter)
    DMA_GetCurrentMemoryTarget               0x08002187   Thumb Code    20  stm32f4xx_dma.o(i.DMA_GetCurrentMemoryTarget)
    DMA_GetFlagStatus                        0x0800219d   Thumb Code    54  stm32f4xx_dma.o(i.DMA_GetFlagStatus)
    DMA_ITConfig                             0x080021e1   Thumb Code    58  stm32f4xx_dma.o(i.DMA_ITConfig)
    DMA_Init                                 0x0800221d   Thumb Code    82  stm32f4xx_dma.o(i.DMA_Init)
    DMA_SetCurrDataCounter                   0x08002275   Thumb Code     4  stm32f4xx_dma.o(i.DMA_SetCurrDataCounter)
    DebugMon_Handler                         0x08002279   Thumb Code     2  stm32f4xx_it.o(i.DebugMon_Handler)
    Device_Reset                             0x0800227b   Thumb Code    12  gpio.o(i.Device_Reset)
    EXTI5_Init                               0x08002287   Thumb Code    20  exti.o(i.EXTI5_Init)
    EXTI9_5_IRQHandler                       0x0800229d   Thumb Code   234  exti.o(i.EXTI9_5_IRQHandler)
    EXTI_ClearITPendingBit                   0x080023b9   Thumb Code     6  stm32f4xx_exti.o(i.EXTI_ClearITPendingBit)
    EXTI_DeInit                              0x080023c5   Thumb Code    28  stm32f4xx_exti.o(i.EXTI_DeInit)
    EXTI_GenerateSWInterrupt                 0x08002415   Thumb Code    12  stm32f4xx_exti.o(i.EXTI_GenerateSWInterrupt)
    EXTI_GetITStatus                         0x08002425   Thumb Code    20  stm32f4xx_exti.o(i.EXTI_GetITStatus)
    EXTI_Init                                0x08002451   Thumb Code   142  stm32f4xx_exti.o(i.EXTI_Init)
    Elec_Init                                0x08002571   Thumb Code    44  elect.o(i.Elec_Init)
    Elect_Output                             0x080025b5   Thumb Code    88  elect.o(i.Elect_Output)
    GPIO_Config                              0x08002661   Thumb Code    12  gpio.o(i.GPIO_Config)
    GPIO_Init                                0x0800266d   Thumb Code   144  stm32f4xx_gpio.o(i.GPIO_Init)
    GPIO_PinAFConfig                         0x08002811   Thumb Code    70  stm32f4xx_gpio.o(i.GPIO_PinAFConfig)
    GPIO_ReadInputDataBit                    0x08002887   Thumb Code    18  stm32f4xx_gpio.o(i.GPIO_ReadInputDataBit)
    GPIO_ToggleBits                          0x08002899   Thumb Code     8  stm32f4xx_gpio.o(i.GPIO_ToggleBits)
    GPIO_WriteBit                            0x080028a1   Thumb Code    10  stm32f4xx_gpio.o(i.GPIO_WriteBit)
    HardFault_Handler                        0x080028f5   Thumb Code    46  stm32f4xx_it.o(i.HardFault_Handler)
    I2C1_Send                                0x0800293d   Thumb Code    44  iic.o(i.I2C1_Send)
    IIC_Init                                 0x08002969   Thumb Code    80  iic.o(i.IIC_Init)
    IIC_Send_Byte                            0x080029c5   Thumb Code    90  iic.o(i.IIC_Send_Byte)
    IIC_Start                                0x08002a2d   Thumb Code    64  iic.o(i.IIC_Start)
    IIC_Stop                                 0x08002a79   Thumb Code    64  iic.o(i.IIC_Stop)
    IIC_Wait_Ack                             0x08002ac5   Thumb Code    82  iic.o(i.IIC_Wait_Ack)
    IncSpeed                                 0x08002b25   Thumb Code    32  elect.o(i.IncSpeed)
    Init_CommWind                            0x08002b4d   Thumb Code    98  commwind.o(i.Init_CommWind)
    Init_Control                             0x08002be9   Thumb Code     8  control.o(i.Init_Control)
    Init_Inspection                          0x08002bf9   Thumb Code    40  inspection.o(i.Init_Inspection)
    Init_Speed                               0x08002c39   Thumb Code    12  elect.o(i.Init_Speed)
    Init_WorkSequ                            0x08002c81   Thumb Code   126  worksequ.o(i.Init_WorkSequ)
    Inspection_Fun                           0x08002d39   Thumb Code  1782  resolv.o(i.Inspection_Fun)
    MemManage_Handler                        0x08003451   Thumb Code     4  stm32f4xx_it.o(i.MemManage_Handler)
    NMI_Handler                              0x08003455   Thumb Code     2  stm32f4xx_it.o(i.NMI_Handler)
    NTCtoPr                                  0x08003459   Thumb Code  1386  resolv.o(i.NTCtoPr)
    NVIC_Init                                0x080039dd   Thumb Code   106  misc.o(i.NVIC_Init)
    NVIC_PriorityGroupConfig                 0x08003a55   Thumb Code    10  misc.o(i.NVIC_PriorityGroupConfig)
    New_Task                                 0x08003a69   Thumb Code    62  worksequ.o(i.New_Task)
    Open_Back_Fan                            0x08003ac5   Thumb Code    32  tim9.o(i.Open_Back_Fan)
    Open_TEC_Fan                             0x08003ae5   Thumb Code    18  tim1.o(i.Open_TEC_Fan)
    PrToNTC                                  0x08003af9   Thumb Code   566  worksequ.o(i.PrToNTC)
    RCC_AHB1PeriphClockCmd                   0x08003de1   Thumb Code    26  stm32f4xx_rcc.o(i.RCC_AHB1PeriphClockCmd)
    RCC_APB1PeriphClockCmd                   0x08003e01   Thumb Code    26  stm32f4xx_rcc.o(i.RCC_APB1PeriphClockCmd)
    RCC_APB1PeriphResetCmd                   0x08003e21   Thumb Code    26  stm32f4xx_rcc.o(i.RCC_APB1PeriphResetCmd)
    RCC_APB2PeriphClockCmd                   0x08003e41   Thumb Code    26  stm32f4xx_rcc.o(i.RCC_APB2PeriphClockCmd)
    RCC_APB2PeriphResetCmd                   0x08003e61   Thumb Code    26  stm32f4xx_rcc.o(i.RCC_APB2PeriphResetCmd)
    RCC_GetClocksFreq                        0x08003e81   Thumb Code   214  stm32f4xx_rcc.o(i.RCC_GetClocksFreq)
    Read_GPIO                                0x08003fc5   Thumb Code   110  gpio.o(i.Read_GPIO)
    Read_Pin_Volt                            0x0800403d   Thumb Code   602  adc.o(i.Read_Pin_Volt)
    Read_Temper                              0x080042d9   Thumb Code   208  control.o(i.Read_Temper)
    Rise_Fall_Temp_PID                       0x080043c1   Thumb Code  6156  worksequ.o(i.Rise_Fall_Temp_PID)
    SYSCFG_EXTILineConfig                    0x08005bdd   Thumb Code    60  stm32f4xx_syscfg.o(i.SYSCFG_EXTILineConfig)
    Set_Bit3_State                           0x08006091   Thumb Code    26  elect.o(i.Set_Bit3_State)
    Set_GPIO                                 0x080060b1   Thumb Code   226  gpio.o(i.Set_GPIO)
    Set_Light                                0x080061a5   Thumb Code   222  elect.o(i.Set_Light)
    Set_Ntc_Mode                             0x08006289   Thumb Code   672  control.o(i.Set_Ntc_Mode)
    Set_State                                0x0800654d   Thumb Code    26  elect.o(i.Set_State)
    Stable_Temp                              0x0800656d   Thumb Code   280  control.o(i.Stable_Temp)
    Strat_Check                              0x080067d9   Thumb Code    88  elect.o(i.Strat_Check)
    SysTick_Handler                          0x0800684d   Thumb Code    46  port.o(i.SysTick_Handler)
    SystemCoreClockUpdate                    0x08006881   Thumb Code   170  system_stm32f4xx.o(i.SystemCoreClockUpdate)
    SystemInit                               0x08006941   Thumb Code    88  system_stm32f4xx.o(i.SystemInit)
    TIM1_CC_IRQHandler                       0x080069a9   Thumb Code    86  tim1.o(i.TIM1_CC_IRQHandler)
    TIM1_Change_ARR                          0x08006a09   Thumb Code    90  tim1.o(i.TIM1_Change_ARR)
    TIM1_Config                              0x08006a79   Thumb Code    64  tim1.o(i.TIM1_Config)
    TIM3_Config                              0x08006c51   Thumb Code    36  tim3.o(i.TIM3_Config)
    TIM3_IRQHandler                          0x08006c79   Thumb Code   268  tim3.o(i.TIM3_IRQHandler)
    TIM4_Config                              0x08006e91   Thumb Code    16  tim4.o(i.TIM4_Config)
    TIM4_IRQHandler                          0x08006eb5   Thumb Code    84  tim4.o(i.TIM4_IRQHandler)
    TIM9_Config                              0x08006fa1   Thumb Code    32  tim9.o(i.TIM9_Config)
    TIM_ARRPreloadConfig                     0x08007085   Thumb Code    24  stm32f4xx_tim.o(i.TIM_ARRPreloadConfig)
    TIM_CCxCmd                               0x0800709d   Thumb Code    28  stm32f4xx_tim.o(i.TIM_CCxCmd)
    TIM_CCxNCmd                              0x080070b9   Thumb Code    28  stm32f4xx_tim.o(i.TIM_CCxNCmd)
    TIM_ClearFlag                            0x080070d5   Thumb Code     6  stm32f4xx_tim.o(i.TIM_ClearFlag)
    TIM_ClearITPendingBit                    0x080070db   Thumb Code     6  stm32f4xx_tim.o(i.TIM_ClearITPendingBit)
    TIM_Cmd                                  0x080070e1   Thumb Code    24  stm32f4xx_tim.o(i.TIM_Cmd)
    TIM_CtrlPWMOutputs                       0x080070f9   Thumb Code    30  stm32f4xx_tim.o(i.TIM_CtrlPWMOutputs)
    TIM_GetCapture2                          0x08007117   Thumb Code     6  stm32f4xx_tim.o(i.TIM_GetCapture2)
    TIM_GetITStatus                          0x0800711d   Thumb Code    34  stm32f4xx_tim.o(i.TIM_GetITStatus)
    TIM_ITConfig                             0x0800713f   Thumb Code    18  stm32f4xx_tim.o(i.TIM_ITConfig)
    TIM_OC1Init                              0x08007151   Thumb Code   114  stm32f4xx_tim.o(i.TIM_OC1Init)
    TIM_OC1PreloadConfig                     0x080071cd   Thumb Code    18  stm32f4xx_tim.o(i.TIM_OC1PreloadConfig)
    TIM_OC2Init                              0x080071e1   Thumb Code   154  stm32f4xx_tim.o(i.TIM_OC2Init)
    TIM_OC3Init                              0x08007285   Thumb Code   150  stm32f4xx_tim.o(i.TIM_OC3Init)
    TIM_OC3PreloadConfig                     0x08007325   Thumb Code    18  stm32f4xx_tim.o(i.TIM_OC3PreloadConfig)
    TIM_SelectInputTrigger                   0x08007337   Thumb Code    18  stm32f4xx_tim.o(i.TIM_SelectInputTrigger)
    TIM_SelectMasterSlaveMode                0x08007349   Thumb Code    18  stm32f4xx_tim.o(i.TIM_SelectMasterSlaveMode)
    TIM_SelectOutputTrigger                  0x0800735b   Thumb Code    18  stm32f4xx_tim.o(i.TIM_SelectOutputTrigger)
    TIM_SelectSlaveMode                      0x0800736d   Thumb Code    18  stm32f4xx_tim.o(i.TIM_SelectSlaveMode)
    TIM_SetAutoreload                        0x0800737f   Thumb Code     4  stm32f4xx_tim.o(i.TIM_SetAutoreload)
    TIM_SetCompare1                          0x08007383   Thumb Code     4  stm32f4xx_tim.o(i.TIM_SetCompare1)
    TIM_SetCompare2                          0x08007387   Thumb Code     4  stm32f4xx_tim.o(i.TIM_SetCompare2)
    TIM_TimeBaseInit                         0x0800738d   Thumb Code   104  stm32f4xx_tim.o(i.TIM_TimeBaseInit)
    Togg_GPIO                                0x08007411   Thumb Code    82  gpio.o(i.Togg_GPIO)
    Trends_Fin                               0x08007469   Thumb Code   382  resolv.o(i.Trends_Fin)
    USART1_Config                            0x080075f1   Thumb Code    28  usart1.o(i.USART1_Config)
    USART1_DMA_Config                        0x08007611   Thumb Code    16  usart1.o(i.USART1_DMA_Config)
    USART1_DMA_Send                          0x08007771   Thumb Code   102  usart1.o(i.USART1_DMA_Send)
    USART1_IRQHandler                        0x08007831   Thumb Code   102  usart1.o(i.USART1_IRQHandler)
    USART1_Init                              0x080078a9   Thumb Code    16  usart1.o(i.USART1_Init)
    USART1_VarInit                           0x08007a0d   Thumb Code    60  usart1.o(i.USART1_VarInit)
    USART2_Config                            0x08007a61   Thumb Code    28  usart2.o(i.USART2_Config)
    USART2_DMA_Init                          0x08007a81   Thumb Code    16  usart2.o(i.USART2_DMA_Init)
    USART2_DMA_Send                          0x08007bdd   Thumb Code   102  usart2.o(i.USART2_DMA_Send)
    USART2_IRQHandler                        0x08007c9d   Thumb Code   132  usart2.o(i.USART2_IRQHandler)
    USART2_Init                              0x08007d35   Thumb Code    16  usart2.o(i.USART2_Init)
    USART2_VarInit                           0x08007e91   Thumb Code    30  usart2.o(i.USART2_VarInit)
    USART3_Config                            0x08007ec1   Thumb Code    28  usart3.o(i.USART3_Config)
    USART3_DMA_Init                          0x08007ee1   Thumb Code    16  usart3.o(i.USART3_DMA_Init)
    USART3_IRQHandler                        0x0800808d   Thumb Code   132  usart3.o(i.USART3_IRQHandler)
    USART3_Init                              0x08008125   Thumb Code    16  usart3.o(i.USART3_Init)
    USART3_VarInit                           0x08008289   Thumb Code    30  usart3.o(i.USART3_VarInit)
    USART6_Config                            0x080082b9   Thumb Code    28  usart6.o(i.USART6_Config)
    USART6_IRQHandler                        0x08008329   Thumb Code   146  usart6.o(i.USART6_IRQHandler)
    USART6_Init                              0x080083c9   Thumb Code    12  usart6.o(i.USART6_Init)
    USART6_VarInit                           0x08008479   Thumb Code    18  usart6.o(i.USART6_VarInit)
    USART_ClearFlag                          0x08008495   Thumb Code    18  stm32f4xx_usart.o(i.USART_ClearFlag)
    USART_ClearITPendingBit                  0x080084a7   Thumb Code    30  stm32f4xx_usart.o(i.USART_ClearITPendingBit)
    USART_Cmd                                0x080084c5   Thumb Code    24  stm32f4xx_usart.o(i.USART_Cmd)
    USART_DMACmd                             0x080084dd   Thumb Code    18  stm32f4xx_usart.o(i.USART_DMACmd)
    USART_DeInit                             0x080084f1   Thumb Code   206  stm32f4xx_usart.o(i.USART_DeInit)
    USART_GetFlagStatus                      0x080085e1   Thumb Code    26  stm32f4xx_usart.o(i.USART_GetFlagStatus)
    USART_GetITStatus                        0x080085fb   Thumb Code    84  stm32f4xx_usart.o(i.USART_GetITStatus)
    USART_ITConfig                           0x0800864f   Thumb Code    74  stm32f4xx_usart.o(i.USART_ITConfig)
    USART_Init                               0x08008699   Thumb Code   204  stm32f4xx_usart.o(i.USART_Init)
    USART_OverSampling8Cmd                   0x0800876d   Thumb Code    22  stm32f4xx_usart.o(i.USART_OverSampling8Cmd)
    USART_ReceiveData                        0x08008783   Thumb Code    10  stm32f4xx_usart.o(i.USART_ReceiveData)
    UsageFault_Handler                       0x0800878d   Thumb Code     4  stm32f4xx_it.o(i.UsageFault_Handler)
    WorkSequ                                 0x08008b9d   Thumb Code  2844  worksequ.o(i.WorkSequ)
    __0sprintf                               0x080096e1   Thumb Code    34  printfa.o(i.__0sprintf)
    __1sprintf                               0x080096e1   Thumb Code     0  printfa.o(i.__0sprintf)
    __2sprintf                               0x080096e1   Thumb Code     0  printfa.o(i.__0sprintf)
    __c89sprintf                             0x080096e1   Thumb Code     0  printfa.o(i.__0sprintf)
    sprintf                                  0x080096e1   Thumb Code     0  printfa.o(i.__0sprintf)
    __ARM_fpclassify                         0x08009709   Thumb Code    48  fpclassify.o(i.__ARM_fpclassify)
    __ARM_fpclassifyf                        0x08009739   Thumb Code    38  fpclassifyf.o(i.__ARM_fpclassifyf)
    __aeabi_errno_addr                       0x08009761   Thumb Code     4  errno.o(i.__aeabi_errno_addr)
    __rt_errno_addr                          0x08009761   Thumb Code     0  errno.o(i.__aeabi_errno_addr)
    __hardfp_atof                            0x08009769   Thumb Code    44  atof.o(i.__hardfp_atof)
    __hardfp_expf                            0x080097a1   Thumb Code   426  expf.o(i.__hardfp_expf)
    __mathlib_expf                           0x080097a1   Thumb Code     0  expf.o(i.__hardfp_expf)
    __hardfp_fabs                            0x08009989   Thumb Code    20  fabs.o(i.__hardfp_fabs)
    __hardfp_log                             0x080099a1   Thumb Code   872  log.o(i.__hardfp_log)
    __hardfp_pow                             0x08009d69   Thumb Code  3072  pow.o(i.__hardfp_pow)
    __kernel_poly                            0x0800a9b9   Thumb Code   248  poly.o(i.__kernel_poly)
    __mathlib_dbl_divzero                    0x0800aab1   Thumb Code    28  dunder.o(i.__mathlib_dbl_divzero)
    __mathlib_dbl_infnan                     0x0800aae1   Thumb Code    20  dunder.o(i.__mathlib_dbl_infnan)
    __mathlib_dbl_infnan2                    0x0800aaf5   Thumb Code    20  dunder.o(i.__mathlib_dbl_infnan2)
    __mathlib_dbl_invalid                    0x0800ab09   Thumb Code    24  dunder.o(i.__mathlib_dbl_invalid)
    __mathlib_dbl_overflow                   0x0800ab29   Thumb Code    24  dunder.o(i.__mathlib_dbl_overflow)
    __mathlib_dbl_underflow                  0x0800ab49   Thumb Code    24  dunder.o(i.__mathlib_dbl_underflow)
    __mathlib_flt_infnan                     0x0800ab69   Thumb Code     6  funder.o(i.__mathlib_flt_infnan)
    __mathlib_flt_overflow                   0x0800ab71   Thumb Code    10  funder.o(i.__mathlib_flt_overflow)
    __mathlib_flt_underflow                  0x0800ab81   Thumb Code    10  funder.o(i.__mathlib_flt_underflow)
    __read_errno                             0x0800ab91   Thumb Code     6  errno.o(i.__read_errno)
    __scatterload_copy                       0x0800ab9d   Thumb Code    14  handlers.o(i.__scatterload_copy)
    __scatterload_null                       0x0800abab   Thumb Code     2  handlers.o(i.__scatterload_null)
    __scatterload_zeroinit                   0x0800abad   Thumb Code    14  handlers.o(i.__scatterload_zeroinit)
    __set_errno                              0x0800abbd   Thumb Code     6  errno.o(i.__set_errno)
    _is_digit                                0x0800ad4d   Thumb Code    14  scanf_fp.o(i._is_digit)
    fabs                                     0x0800b601   Thumb Code    24  fabs.o(i.fabs)
    inspection_fun                           0x0800b6b5   Thumb Code   614  inspection.o(i.inspection_fun)
    main                                     0x0800b9b1   Thumb Code   112  main.o(i.main)
    pvPortMalloc                             0x0800c469   Thumb Code   338  heap_4.o(i.pvPortMalloc)
    pvTaskIncrementMutexHeldCount            0x0800c5d5   Thumb Code    26  tasks.o(i.pvTaskIncrementMutexHeldCount)
    pxPortInitialiseStack                    0x0800c5f5   Thumb Code    38  port.o(i.pxPortInitialiseStack)
    setFilter                                0x0800c621   Thumb Code    88  elect.o(i.setFilter)
    sqrt                                     0x0800c67d   Thumb Code   110  sqrt.o(i.sqrt)
    uxListRemove                             0x0800c6eb   Thumb Code    40  list.o(i.uxListRemove)
    uxTaskGetStackHighWaterMark              0x0800c715   Thumb Code    34  tasks.o(i.uxTaskGetStackHighWaterMark)
    vListInitialise                          0x0800c73d   Thumb Code    26  list.o(i.vListInitialise)
    vListInitialiseItem                      0x0800c757   Thumb Code     6  list.o(i.vListInitialiseItem)
    vListInsert                              0x0800c75d   Thumb Code    52  list.o(i.vListInsert)
    vListInsertEnd                           0x0800c791   Thumb Code    24  list.o(i.vListInsertEnd)
    vPortEnterCritical                       0x0800c7a9   Thumb Code    76  port.o(i.vPortEnterCritical)
    vPortExitCritical                        0x0800c7fd   Thumb Code    56  port.o(i.vPortExitCritical)
    vPortFree                                0x0800c839   Thumb Code   150  heap_4.o(i.vPortFree)
    vPortSetupTimerInterrupt                 0x0800c8dd   Thumb Code    36  port.o(i.vPortSetupTimerInterrupt)
    vPortValidateInterruptPriority           0x0800c905   Thumb Code   106  port.o(i.vPortValidateInterruptPriority)
    vQueueAddToRegistry                      0x0800c97d   Thumb Code    38  queue.o(i.vQueueAddToRegistry)
    vQueueWaitForMessageRestricted           0x0800c9a9   Thumb Code    74  queue.o(i.vQueueWaitForMessageRestricted)
    vTaskDelay                               0x0800c9f5   Thumb Code    82  tasks.o(i.vTaskDelay)
    vTaskDelete                              0x0800ca51   Thumb Code   202  tasks.o(i.vTaskDelete)
    vTaskInternalSetTimeOutState             0x0800cb45   Thumb Code    14  tasks.o(i.vTaskInternalSetTimeOutState)
    vTaskMissedYield                         0x0800cb5d   Thumb Code     8  tasks.o(i.vTaskMissedYield)
    vTaskPlaceOnEventList                    0x0800cb69   Thumb Code    52  tasks.o(i.vTaskPlaceOnEventList)
    vTaskPlaceOnEventListRestricted          0x0800cba1   Thumb Code    60  tasks.o(i.vTaskPlaceOnEventListRestricted)
    vTaskPriorityDisinheritAfterTimeout      0x0800cbe1   Thumb Code   216  tasks.o(i.vTaskPriorityDisinheritAfterTimeout)
    vTaskStartScheduler                      0x0800ccc5   Thumb Code   122  tasks.o(i.vTaskStartScheduler)
    vTaskSuspendAll                          0x0800cd61   Thumb Code    12  tasks.o(i.vTaskSuspendAll)
    vTaskSwitchContext                       0x0800cd71   Thumb Code   118  tasks.o(i.vTaskSwitchContext)
    xPortStartScheduler                      0x0800cef5   Thumb Code   330  port.o(i.xPortStartScheduler)
    xQueueGenericCreate                      0x0800d05d   Thumb Code   162  queue.o(i.xQueueGenericCreate)
    xQueueGenericReset                       0x0800d101   Thumb Code   146  queue.o(i.xQueueGenericReset)
    xQueueGenericSend                        0x0800d199   Thumb Code   420  queue.o(i.xQueueGenericSend)
    xQueueGenericSendFromISR                 0x0800d341   Thumb Code   288  queue.o(i.xQueueGenericSendFromISR)
    xQueueGiveFromISR                        0x0800d461   Thumb Code   260  queue.o(i.xQueueGiveFromISR)
    xQueueReceive                            0x0800d565   Thumb Code   356  queue.o(i.xQueueReceive)
    xQueueSemaphoreTake                      0x0800d6cd   Thumb Code   434  queue.o(i.xQueueSemaphoreTake)
    xTaskCheckForTimeOut                     0x0800d885   Thumb Code   136  tasks.o(i.xTaskCheckForTimeOut)
    xTaskCreate                              0x0800d915   Thumb Code    96  tasks.o(i.xTaskCreate)
    xTaskDelayUntil                          0x0800d975   Thumb Code   202  tasks.o(i.xTaskDelayUntil)
    xTaskGetSchedulerState                   0x0800da4d   Thumb Code    24  tasks.o(i.xTaskGetSchedulerState)
    xTaskGetTickCount                        0x0800da6d   Thumb Code     6  tasks.o(i.xTaskGetTickCount)
    xTaskIncrementTick                       0x0800da79   Thumb Code   282  tasks.o(i.xTaskIncrementTick)
    xTaskPriorityDisinherit                  0x0800dbc1   Thumb Code   174  tasks.o(i.xTaskPriorityDisinherit)
    xTaskPriorityInherit                     0x0800dc7d   Thumb Code   172  tasks.o(i.xTaskPriorityInherit)
    xTaskRemoveFromEventList                 0x0800dd35   Thumb Code   128  tasks.o(i.xTaskRemoveFromEventList)
    xTaskResumeAll                           0x0800ddcd   Thumb Code   224  tasks.o(i.xTaskResumeAll)
    xTimerCreateTimerTask                    0x0800ded1   Thumb Code    66  timers.o(i.xTimerCreateTimerTask)
    xTimerGenericCommand                     0x0800df29   Thumb Code   126  timers.o(i.xTimerGenericCommand)
    processwtb                               0x0800e27c   Data          16  commwind.o(.constdata)
    __ctype_table                            0x0800e3e0   Data         129  ctype_o.o(.constdata)
    __mathlib_zero                           0x0800e468   Data           8  qnan.o(.constdata)
    Region$$Table$$Base                      0x0800e470   Number         0  anon$$obj.o(Region$$Table)
    Region$$Table$$Limit                     0x0800e490   Number         0  anon$$obj.o(Region$$Table)
    SystemCoreClock                          0x20000000   Data           4  system_stm32f4xx.o(.data)
    AHBPrescTable                            0x20000004   Data          16  system_stm32f4xx.o(.data)
    uxHighWaterMark                          0x20000024   Data           4  stm32f4xx_it.o(.data)
    uxHighWaterMark1                         0x20000028   Data           4  stm32f4xx_it.o(.data)
    uxHighWaterMark2                         0x2000002c   Data           4  stm32f4xx_it.o(.data)
    usart1_dma_send                          0x20000030   Data           8  usart1.o(.data)
    FrePeriStruct                            0x2000005c   Data          24  tim3.o(.data)
    FrefubenStruct                           0x20000074   Data          24  tim3.o(.data)
    oioi                                     0x20000090   Data           4  tim4.o(.data)
    tim4hook                                 0x20000094   Data           8  tim4.o(.data)
    ssss                                     0x2000009c   Data           4  tim4.o(.data)
    EXTIInit                                 0x200000a0   Data           8  exti.o(.data)
    NVICInit                                 0x200000a8   Data           4  exti.o(.data)
    GPIOInit_t                               0x200000ac   Data           8  exti.o(.data)
    exti5hook                                0x200000b4   Data           8  exti.o(.data)
    step_num                                 0x200000bc   Data           4  exti.o(.data)
    pxCurrentTCB                             0x200000c0   Data           4  tasks.o(.data)
    uxTopUsedPriority                        0x200000f8   Data           4  tasks.o(.data)
    Temp_Diff                                0x20000140   Data           8  control.o(.data)
    Boardack                                 0x20000168   Data           5  resolv.o(.data)
    Indexstate                               0x20000170   Data           8  resolv.o(.data)
    Pcr_State                                0x20000178   Data           1  resolv.o(.data)
    WorkSequ_Handler                         0x20000190   Data           4  worksequ.o(.data)
    work_init                                0x20000194   Data           8  worksequ.o(.data)
    xLastWakeTime                            0x2000019c   Data           4  worksequ.o(.data)
    waittotimeindex                          0x200001a0   Data           4  worksequ.o(.data)
    workwaittime                             0x200001a4   Data           4  worksequ.o(.data)
    cameratoinspec                           0x200001a8   Data           4  worksequ.o(.data)
    worktoinspec                             0x200001ac   Data           4  worksequ.o(.data)
    RgTempinspec                             0x200001b0   Data           4  worksequ.o(.data)
    Camera_Cric_Array                        0x200001b4   Data           4  worksequ.o(.data)
    CommWind_Handler                         0x200001d0   Data           4  commwind.o(.data)
    windconectboard                          0x200001d4   Data           4  commwind.o(.data)
    analywindover                            0x200001d8   Data           4  commwind.o(.data)
    Sign_Camera                              0x200001dc   Data           4  commwind.o(.data)
    iii                                      0x200001e0   Data           4  commwind.o(.data)
    tim_step                                 0x2000020c   Data           4  elect.o(.data)
    exti_limit                               0x20000210   Data           4  elect.o(.data)
    okiu                                     0x20000214   Data           4  elect.o(.data)
    up_index                                 0x20000218   Data           4  elect.o(.data)
    down_index                               0x2000021c   Data           4  elect.o(.data)
    inspection_handler                       0x20000224   Data           4  inspection.o(.data)
    xinspLastWakeTime                        0x20000228   Data           4  inspection.o(.data)
    uxHighWaterMark4                         0x2000022c   Data           4  inspection.o(.data)
    uxHighWaterMark5                         0x20000230   Data           4  inspection.o(.data)
    uxHighWaterMark6                         0x20000234   Data           4  inspection.o(.data)
    rcvDMADataAddrEx                         0x2000073c   Data          20  usart1.o(.bss)
    usart1Hook                               0x20000750   Data          12  usart1.o(.bss)
    usart2hook                               0x2000081c   Data          12  usart2.o(.bss)
    USART2rcv                                0x20000828   Data          20  usart2.o(.bss)
    usart3hook                               0x200008fc   Data          12  usart3.o(.bss)
    usart3rcv                                0x20000908   Data          20  usart3.o(.bss)
    USART6hook                               0x20000a20   Data          12  usart6.o(.bss)
    xQueueRegistry                           0x20000a2c   Data          64  queue.o(.bss)
    CommAnaly                                0x200077e8   Data       80888  resolv.o(.bss)
    TEC_Fan_Str                              0x2001b3e0   Data          48  resolv.o(.bss)
    commanalywtb                             0x2001b410   Data         514  commwind.o(.bss)
    PID_Ch                                   0x2001b618   Data          24  commwind.o(.bss)
    Elec_Struct                              0x2001b630   Data          40  elect.o(.bss)
    FreStruct                                0x2001b658   Data          12  elect.o(.bss)
    __initial_sp                             0x2001fee8   Data           0  startup_stm32f40_41xxx.o(STACK)



==============================================================================

Memory Map of the image

  Image Entry point : 0x08000189

  Load Region LR_IROM1 (Base: 0x08000000, Size: 0x0000e6cc, Max: 0x00080000, ABSOLUTE, COMPRESSED[0x0000e4ec])

    Execution Region ER_IROM1 (Exec base: 0x08000000, Load base: 0x08000000, Size: 0x0000e490, Max: 0x00080000, ABSOLUTE)

    Exec Addr    Load Addr    Size         Type   Attr      Idx    E Section Name        Object

    0x08000000   0x08000000   0x00000188   Data   RO            3    RESET               startup_stm32f40_41xxx.o
    0x08000188   0x08000188   0x00000000   Code   RO         8178  * .ARM.Collect$$$$00000000  mc_w.l(entry.o)
    0x08000188   0x08000188   0x00000004   Code   RO         8561    .ARM.Collect$$$$00000001  mc_w.l(entry2.o)
    0x0800018c   0x0800018c   0x00000004   Code   RO         8564    .ARM.Collect$$$$00000004  mc_w.l(entry5.o)
    0x08000190   0x08000190   0x00000000   Code   RO         8566    .ARM.Collect$$$$00000008  mc_w.l(entry7b.o)
    0x08000190   0x08000190   0x00000000   Code   RO         8568    .ARM.Collect$$$$0000000A  mc_w.l(entry8b.o)
    0x08000190   0x08000190   0x00000008   Code   RO         8569    .ARM.Collect$$$$0000000B  mc_w.l(entry9a.o)
    0x08000198   0x08000198   0x00000000   Code   RO         8571    .ARM.Collect$$$$0000000D  mc_w.l(entry10a.o)
    0x08000198   0x08000198   0x00000000   Code   RO         8573    .ARM.Collect$$$$0000000F  mc_w.l(entry11a.o)
    0x08000198   0x08000198   0x00000004   Code   RO         8562    .ARM.Collect$$$$00002712  mc_w.l(entry2.o)
    0x0800019c   0x0800019c   0x000000be   Code   RO         7530    .emb_text           port.o
    0x0800025a   0x0800025a   0x00000002   PAD
    0x0800025c   0x0800025c   0x00000024   Code   RO            4    .text               startup_stm32f40_41xxx.o
    0x08000280   0x08000280   0x00000008   Code   RO         8181    .text               mc_w.l(ctype_o.o)
    0x08000288   0x08000288   0x00000012   Code   RO         8203    .text               mc_w.l(isspace_o.o)
    0x0800029a   0x0800029a   0x00000024   Code   RO         8209    .text               mc_w.l(memcpya.o)
    0x080002be   0x080002be   0x00000024   Code   RO         8213    .text               mc_w.l(memseta.o)
    0x080002e2   0x080002e2   0x00000018   Code   RO         8215    .text               mc_w.l(strcat.o)
    0x080002fa   0x080002fa   0x00000018   Code   RO         8217    .text               mc_w.l(strncpy.o)
    0x08000312   0x08000312   0x00000014   Code   RO         8219    .text               mc_w.l(strchr.o)
    0x08000326   0x08000326   0x0000000e   Code   RO         8221    .text               mc_w.l(strlen.o)
    0x08000334   0x08000334   0x0000001c   Code   RO         8223    .text               mc_w.l(strcmp.o)
    0x08000350   0x08000350   0x00000012   Code   RO         8225    .text               mc_w.l(strcpy.o)
    0x08000362   0x08000362   0x0000001e   Code   RO         8227    .text               mc_w.l(strncmp.o)
    0x08000380   0x08000380   0x0000001a   Code   RO         8492    .text               mc_w.l(atoi.o)
    0x0800039a   0x0800039a   0x0000014e   Code   RO         8494    .text               mf_w.l(dadd.o)
    0x080004e8   0x080004e8   0x000000e4   Code   RO         8496    .text               mf_w.l(dmul.o)
    0x080005cc   0x080005cc   0x000000de   Code   RO         8498    .text               mf_w.l(ddiv.o)
    0x080006aa   0x080006aa   0x00000022   Code   RO         8502    .text               mf_w.l(dflti.o)
    0x080006cc   0x080006cc   0x0000001a   Code   RO         8504    .text               mf_w.l(dfltui.o)
    0x080006e6   0x080006e6   0x0000003e   Code   RO         8506    .text               mf_w.l(dfixi.o)
    0x08000724   0x08000724   0x00000032   Code   RO         8508    .text               mf_w.l(dfixui.o)
    0x08000756   0x08000756   0x00000002   PAD
    0x08000758   0x08000758   0x00000030   Code   RO         8510    .text               mf_w.l(cdcmple.o)
    0x08000788   0x08000788   0x00000030   Code   RO         8512    .text               mf_w.l(cdrcmple.o)
    0x080007b8   0x080007b8   0x0000002c   Code   RO         8578    .text               mc_w.l(uidiv.o)
    0x080007e4   0x080007e4   0x00000062   Code   RO         8580    .text               mc_w.l(uldiv.o)
    0x08000846   0x08000846   0x0000001e   Code   RO         8582    .text               mc_w.l(llshl.o)
    0x08000864   0x08000864   0x00000020   Code   RO         8584    .text               mc_w.l(llushr.o)
    0x08000884   0x08000884   0x00000024   Code   RO         8586    .text               mc_w.l(llsshr.o)
    0x080008a8   0x080008a8   0x0000009c   Code   RO         8595    .text               mc_w.l(strtod.o)
    0x08000944   0x08000944   0x00000070   Code   RO         8597    .text               mc_w.l(strtol.o)
    0x080009b4   0x080009b4   0x00000000   Code   RO         8599    .text               mc_w.l(iusefp.o)
    0x080009b4   0x080009b4   0x000000ba   Code   RO         8600    .text               mf_w.l(depilogue.o)
    0x08000a6e   0x08000a6e   0x0000002e   Code   RO         8602    .text               mf_w.l(dscalb.o)
    0x08000a9c   0x08000a9c   0x00000030   Code   RO         8604    .text               mf_w.l(dfixul.o)
    0x08000acc   0x08000acc   0x00000024   Code   RO         8608    .text               mc_w.l(init.o)
    0x08000af0   0x08000af0   0x00000360   Code   RO         8613    .text               mc_w.l(scanf_fp.o)
    0x08000e50   0x08000e50   0x00000040   Code   RO         8617    .text               mc_w.l(_sgetc.o)
    0x08000e90   0x08000e90   0x0000009e   Code   RO         8619    .text               mc_w.l(_strtoul.o)
    0x08000f2e   0x08000f2e   0x000000a2   Code   RO         8622    .text               mf_w.l(dsqrt.o)
    0x08000fd0   0x08000fd0   0x0000001c   Code   RO         8627    .text               mc_w.l(_chval.o)
    0x08000fec   0x08000fec   0x00000018   Code   RO         8629    .text               mf_w.l(dfltul.o)
    0x08001004   0x08001004   0x00000038   Code   RO         8631    .text               mf_w.l(d2f.o)
    0x0800103c   0x0800103c   0x0000006e   Code   RO         8633    .text               mf_w.l(fepilogue.o)
    0x080010aa   0x080010aa   0x00000056   Code   RO         8643    .text               mc_w.l(__dczerorl2.o)
    0x08001100   0x08001100   0x00000016   Code   RO          310    i.ADC_Cmd           stm32f4xx_adc.o
    0x08001116   0x08001116   0x00000002   PAD
    0x08001118   0x08001118   0x00000030   Code   RO          311    i.ADC_CommonInit    stm32f4xx_adc.o
    0x08001148   0x08001148   0x0000001c   Code   RO         5504    i.ADC_Config        adc.o
    0x08001164   0x08001164   0x00000084   Code   RO         5505    i.ADC_GPIO_Config   adc.o
    0x080011e8   0x080011e8   0x00000008   Code   RO          322    i.ADC_GetConversionValue  stm32f4xx_adc.o
    0x080011f0   0x080011f0   0x00000012   Code   RO          323    i.ADC_GetFlagStatus  stm32f4xx_adc.o
    0x08001202   0x08001202   0x00000002   PAD
    0x08001204   0x08001204   0x00000054   Code   RO          330    i.ADC_Init          stm32f4xx_adc.o
    0x08001258   0x08001258   0x00000058   Code   RO         5506    i.ADC_Mode_Config   adc.o
    0x080012b0   0x080012b0   0x0000001c   Code   RO         5507    i.ADC_RCC_Config    adc.o
    0x080012cc   0x080012cc   0x000000b8   Code   RO          335    i.ADC_RegularChannelConfig  stm32f4xx_adc.o
    0x08001384   0x08001384   0x0000000a   Code   RO          337    i.ADC_SoftwareStartConv  stm32f4xx_adc.o
    0x0800138e   0x0800138e   0x00000014   Code   RO          339    i.ADC_StructInit    stm32f4xx_adc.o
    0x080013a2   0x080013a2   0x00000002   PAD
    0x080013a4   0x080013a4   0x00000028   Code   RO         7867    i.All_Analy_WTB     commwind.o
    0x080013cc   0x080013cc   0x00000024   Code   RO         7675    i.An2_Funsion       resolv.o
    0x080013f0   0x080013f0   0x0000003c   Code   RO         7868    i.Analy_windtoboard  commwind.o
    0x0800142c   0x0800142c   0x0000026c   Code   RO         7676    i.Anasysis_Fun      resolv.o
    0x08001698   0x08001698   0x00000050   Code   RO         7973    i.BoardConHeatDish_DOWN  elect.o
    0x080016e8   0x080016e8   0x00000050   Code   RO         7974    i.BoardConHeatDish_UP  elect.o
    0x08001738   0x08001738   0x00000004   Code   RO         5383    i.BusFault_Handler  stm32f4xx_it.o
    0x0800173c   0x0800173c   0x00000098   Code   RO         7677    i.Calc_Temp         resolv.o
    0x080017d4   0x080017d4   0x0000005c   Code   RO         6235    i.Calcu_Config      tim3.o
    0x08001830   0x08001830   0x000000c8   Code   RO         6236    i.CalculateSModelLine  tim3.o
    0x080018f8   0x080018f8   0x000000a4   Code   RO         7869    i.Check_Step        commwind.o
    0x0800199c   0x0800199c   0x00000058   Code   RO         7607    i.Close_PR59        control.o
    0x080019f4   0x080019f4   0x00000088   Code   RO         7870    i.CommWinProceHook  commwind.o
    0x08001a7c   0x08001a7c   0x0000004c   Code   RO         7871    i.CommWind          commwind.o
    0x08001ac8   0x08001ac8   0x000002fc   Code   RO         7608    i.Control_Tec       control.o
    0x08001dc4   0x08001dc4   0x0000009c   Code   RO         5891    i.DMA1_Stream3_IRQHandler  usart3.o
    0x08001e60   0x08001e60   0x0000009c   Code   RO         5781    i.DMA1_Stream6_IRQHandler  usart2.o
    0x08001efc   0x08001efc   0x0000009c   Code   RO         5658    i.DMA2_Stream7_IRQHandler  usart1.o
    0x08001f98   0x08001f98   0x00000034   Code   RO         1329    i.DMA_ClearFlag     stm32f4xx_dma.o
    0x08001fcc   0x08001fcc   0x00000016   Code   RO         1331    i.DMA_Cmd           stm32f4xx_dma.o
    0x08001fe2   0x08001fe2   0x00000002   PAD
    0x08001fe4   0x08001fe4   0x00000158   Code   RO         1332    i.DMA_DeInit        stm32f4xx_dma.o
    0x0800213c   0x0800213c   0x00000016   Code   RO         1333    i.DMA_DoubleBufferModeCmd  stm32f4xx_dma.o
    0x08002152   0x08002152   0x00000018   Code   RO         1334    i.DMA_DoubleBufferModeConfig  stm32f4xx_dma.o
    0x0800216a   0x0800216a   0x00000014   Code   RO         1336    i.DMA_GetCmdStatus  stm32f4xx_dma.o
    0x0800217e   0x0800217e   0x00000008   Code   RO         1337    i.DMA_GetCurrDataCounter  stm32f4xx_dma.o
    0x08002186   0x08002186   0x00000014   Code   RO         1338    i.DMA_GetCurrentMemoryTarget  stm32f4xx_dma.o
    0x0800219a   0x0800219a   0x00000002   PAD
    0x0800219c   0x0800219c   0x00000044   Code   RO         1340    i.DMA_GetFlagStatus  stm32f4xx_dma.o
    0x080021e0   0x080021e0   0x0000003a   Code   RO         1342    i.DMA_ITConfig      stm32f4xx_dma.o
    0x0800221a   0x0800221a   0x00000002   PAD
    0x0800221c   0x0800221c   0x00000058   Code   RO         1343    i.DMA_Init          stm32f4xx_dma.o
    0x08002274   0x08002274   0x00000004   Code   RO         1346    i.DMA_SetCurrDataCounter  stm32f4xx_dma.o
    0x08002278   0x08002278   0x00000002   Code   RO         5384    i.DebugMon_Handler  stm32f4xx_it.o
    0x0800227a   0x0800227a   0x0000000c   Code   RO         5443    i.Device_Reset      gpio.o
    0x08002286   0x08002286   0x00000014   Code   RO         6360    i.EXTI5_Init        exti.o
    0x0800229a   0x0800229a   0x00000002   PAD
    0x0800229c   0x0800229c   0x0000011c   Code   RO         6361    i.EXTI9_5_IRQHandler  exti.o
    0x080023b8   0x080023b8   0x0000000c   Code   RO         1618    i.EXTI_ClearITPendingBit  stm32f4xx_exti.o
    0x080023c4   0x080023c4   0x00000024   Code   RO         1619    i.EXTI_DeInit       stm32f4xx_exti.o
    0x080023e8   0x080023e8   0x0000002c   Code   RO         6362    i.EXTI_GPIO_Config  exti.o
    0x08002414   0x08002414   0x00000010   Code   RO         1620    i.EXTI_GenerateSWInterrupt  stm32f4xx_exti.o
    0x08002424   0x08002424   0x00000018   Code   RO         1622    i.EXTI_GetITStatus  stm32f4xx_exti.o
    0x0800243c   0x0800243c   0x00000014   Code   RO         7976    i.EXTI_Hook_Handler  elect.o
    0x08002450   0x08002450   0x00000094   Code   RO         1623    i.EXTI_Init         stm32f4xx_exti.o
    0x080024e4   0x080024e4   0x00000060   Code   RO         6363    i.EXTI_NVIC_Config  exti.o
    0x08002544   0x08002544   0x00000020   Code   RO         6364    i.EXTI_RCC_Config   exti.o
    0x08002564   0x08002564   0x0000000c   Code   RO         6365    i.EXTI_VAR_Config   exti.o
    0x08002570   0x08002570   0x00000044   Code   RO         7977    i.Elec_Init         elect.o
    0x080025b4   0x080025b4   0x00000060   Code   RO         7978    i.Elect_Output      elect.o
    0x08002614   0x08002614   0x0000004c   Code   RO         7872    i.Fan_Co_Init       commwind.o
    0x08002660   0x08002660   0x0000000c   Code   RO         5444    i.GPIO_Config       gpio.o
    0x0800266c   0x0800266c   0x00000090   Code   RO         1996    i.GPIO_Init         stm32f4xx_gpio.o
    0x080026fc   0x080026fc   0x00000114   Code   RO         5445    i.GPIO_Mode_Config  gpio.o
    0x08002810   0x08002810   0x00000046   Code   RO         1997    i.GPIO_PinAFConfig  stm32f4xx_gpio.o
    0x08002856   0x08002856   0x00000030   Code   RO         5446    i.GPIO_RCC_Config   gpio.o
    0x08002886   0x08002886   0x00000012   Code   RO         2000    i.GPIO_ReadInputDataBit  stm32f4xx_gpio.o
    0x08002898   0x08002898   0x00000008   Code   RO         2006    i.GPIO_ToggleBits   stm32f4xx_gpio.o
    0x080028a0   0x080028a0   0x0000000a   Code   RO         2008    i.GPIO_WriteBit     stm32f4xx_gpio.o
    0x080028aa   0x080028aa   0x00000018   Code   RO         7678    i.GetData           resolv.o
    0x080028c2   0x080028c2   0x00000032   Code   RO         7679    i.GetGiven          resolv.o
    0x080028f4   0x080028f4   0x00000048   Code   RO         5385    i.HardFault_Handler  stm32f4xx_it.o
    0x0800293c   0x0800293c   0x0000002c   Code   RO         5570    i.I2C1_Send         iic.o
    0x08002968   0x08002968   0x0000005c   Code   RO         5572    i.IIC_Init          iic.o
    0x080029c4   0x080029c4   0x00000068   Code   RO         5575    i.IIC_Send_Byte     iic.o
    0x08002a2c   0x08002a2c   0x0000004c   Code   RO         5576    i.IIC_Start         iic.o
    0x08002a78   0x08002a78   0x0000004c   Code   RO         5577    i.IIC_Stop          iic.o
    0x08002ac4   0x08002ac4   0x00000060   Code   RO         5578    i.IIC_Wait_Ack      iic.o
    0x08002b24   0x08002b24   0x00000028   Code   RO         7979    i.IncSpeed          elect.o
    0x08002b4c   0x08002b4c   0x0000009c   Code   RO         7873    i.Init_CommWind     commwind.o
    0x08002be8   0x08002be8   0x00000010   Code   RO         7609    i.Init_Control      control.o
    0x08002bf8   0x08002bf8   0x00000040   Code   RO         8088    i.Init_Inspection   inspection.o
    0x08002c38   0x08002c38   0x00000010   Code   RO         7980    i.Init_Speed        elect.o
    0x08002c48   0x08002c48   0x00000038   Code   RO         7874    i.Init_Standtask    commwind.o
    0x08002c80   0x08002c80   0x000000b8   Code   RO         7798    i.Init_WorkSequ     worksequ.o
    0x08002d38   0x08002d38   0x00000718   Code   RO         7680    i.Inspection_Fun    resolv.o
    0x08003450   0x08003450   0x00000004   Code   RO         5386    i.MemManage_Handler  stm32f4xx_it.o
    0x08003454   0x08003454   0x00000002   Code   RO         5387    i.NMI_Handler       stm32f4xx_it.o
    0x08003456   0x08003456   0x00000002   PAD
    0x08003458   0x08003458   0x00000584   Code   RO         7681    i.NTCtoPr           resolv.o
    0x080039dc   0x080039dc   0x00000078   Code   RO          155    i.NVIC_Init         misc.o
    0x08003a54   0x08003a54   0x00000014   Code   RO          156    i.NVIC_PriorityGroupConfig  misc.o
    0x08003a68   0x08003a68   0x0000005c   Code   RO         7799    i.New_Task          worksequ.o
    0x08003ac4   0x08003ac4   0x00000020   Code   RO         6179    i.Open_Back_Fan     tim9.o
    0x08003ae4   0x08003ae4   0x00000012   Code   RO         6084    i.Open_TEC_Fan      tim1.o
    0x08003af6   0x08003af6   0x00000002   PAD
    0x08003af8   0x08003af8   0x000002e8   Code   RO         7800    i.PrToNTC           worksequ.o
    0x08003de0   0x08003de0   0x00000020   Code   RO         3023    i.RCC_AHB1PeriphClockCmd  stm32f4xx_rcc.o
    0x08003e00   0x08003e00   0x00000020   Code   RO         3032    i.RCC_APB1PeriphClockCmd  stm32f4xx_rcc.o
    0x08003e20   0x08003e20   0x00000020   Code   RO         3034    i.RCC_APB1PeriphResetCmd  stm32f4xx_rcc.o
    0x08003e40   0x08003e40   0x00000020   Code   RO         3035    i.RCC_APB2PeriphClockCmd  stm32f4xx_rcc.o
    0x08003e60   0x08003e60   0x00000020   Code   RO         3037    i.RCC_APB2PeriphResetCmd  stm32f4xx_rcc.o
    0x08003e80   0x08003e80   0x000000e8   Code   RO         3044    i.RCC_GetClocksFreq  stm32f4xx_rcc.o
    0x08003f68   0x08003f68   0x0000002a   Code   RO         5508    i.Read_ADC          adc.o
    0x08003f92   0x08003f92   0x00000002   PAD
    0x08003f94   0x08003f94   0x00000030   Code   RO         5509    i.Read_Channel      adc.o
    0x08003fc4   0x08003fc4   0x00000078   Code   RO         5447    i.Read_GPIO         gpio.o
    0x0800403c   0x0800403c   0x0000029c   Code   RO         5510    i.Read_Pin_Volt     adc.o
    0x080042d8   0x080042d8   0x000000e8   Code   RO         7610    i.Read_Temper       control.o
    0x080043c0   0x080043c0   0x0000181c   Code   RO         7801    i.Rise_Fall_Temp_PID  worksequ.o
    0x08005bdc   0x08005bdc   0x00000040   Code   RO         4346    i.SYSCFG_EXTILineConfig  stm32f4xx_syscfg.o
    0x08005c1c   0x08005c1c   0x000002b4   Code   RO         7682    i.Separate          resolv.o
    0x08005ed0   0x08005ed0   0x000000d4   Code   RO         7683    i.Separate2         resolv.o
    0x08005fa4   0x08005fa4   0x000000ec   Code   RO           13    i.SetSysClock       system_stm32f4xx.o
    0x08006090   0x08006090   0x00000020   Code   RO         7981    i.Set_Bit3_State    elect.o
    0x080060b0   0x080060b0   0x000000f4   Code   RO         5448    i.Set_GPIO          gpio.o
    0x080061a4   0x080061a4   0x000000e4   Code   RO         7982    i.Set_Light         elect.o
    0x08006288   0x08006288   0x000002c4   Code   RO         7611    i.Set_Ntc_Mode      control.o
    0x0800654c   0x0800654c   0x00000020   Code   RO         7983    i.Set_State         elect.o
    0x0800656c   0x0800656c   0x0000013c   Code   RO         7612    i.Stable_Temp       control.o
    0x080066a8   0x080066a8   0x00000014   Code   RO         7684    i.Stor_Pow          resolv.o
    0x080066bc   0x080066bc   0x0000011a   Code   RO         7685    i.Stor_Str2num      resolv.o
    0x080067d6   0x080067d6   0x00000002   PAD
    0x080067d8   0x080067d8   0x00000074   Code   RO         7984    i.Strat_Check       elect.o
    0x0800684c   0x0800684c   0x00000034   Code   RO         7531    i.SysTick_Handler   port.o
    0x08006880   0x08006880   0x000000c0   Code   RO           14    i.SystemCoreClockUpdate  system_stm32f4xx.o
    0x08006940   0x08006940   0x00000068   Code   RO           15    i.SystemInit        system_stm32f4xx.o
    0x080069a8   0x080069a8   0x00000060   Code   RO         6085    i.TIM1_CC_IRQHandler  tim1.o
    0x08006a08   0x08006a08   0x00000070   Code   RO         6086    i.TIM1_Change_ARR   tim1.o
    0x08006a78   0x08006a78   0x00000044   Code   RO         6088    i.TIM1_Config       tim1.o
    0x08006abc   0x08006abc   0x00000044   Code   RO         6090    i.TIM1_MOTOR_GPIO_Config  tim1.o
    0x08006b00   0x08006b00   0x0000001c   Code   RO         6092    i.TIM1_MOTOR_RCC_Config  tim1.o
    0x08006b1c   0x08006b1c   0x0000003c   Code   RO         6093    i.TIM1_PWM_GPIO_Config  tim1.o
    0x08006b58   0x08006b58   0x000000dc   Code   RO         6094    i.TIM1_PWM_Mode_Config  tim1.o
    0x08006c34   0x08006c34   0x0000001c   Code   RO         6095    i.TIM1_PWM_RCC_Config  tim1.o
    0x08006c50   0x08006c50   0x00000028   Code   RO         6237    i.TIM3_Config       tim3.o
    0x08006c78   0x08006c78   0x0000011c   Code   RO         6238    i.TIM3_IRQHandler   tim3.o
    0x08006d94   0x08006d94   0x00000038   Code   RO         6239    i.TIM3_NVIC_Config  tim3.o
    0x08006dcc   0x08006dcc   0x00000038   Code   RO         6240    i.TIM3_PWM_GPIO_Config  tim3.o
    0x08006e04   0x08006e04   0x00000070   Code   RO         6241    i.TIM3_PWM_Mode_Config  tim3.o
    0x08006e74   0x08006e74   0x0000001c   Code   RO         6242    i.TIM3_PWM_RCC_Config  tim3.o
    0x08006e90   0x08006e90   0x00000010   Code   RO         6306    i.TIM4_Config       tim4.o
    0x08006ea0   0x08006ea0   0x00000014   Code   RO         7985    i.TIM4_Hook_Handler  elect.o
    0x08006eb4   0x08006eb4   0x00000064   Code   RO         6307    i.TIM4_IRQHandler   tim4.o
    0x08006f18   0x08006f18   0x00000044   Code   RO         6308    i.TIM4_Mode_Config  tim4.o
    0x08006f5c   0x08006f5c   0x00000022   Code   RO         6309    i.TIM4_NVIC_Config  tim4.o
    0x08006f7e   0x08006f7e   0x00000002   PAD
    0x08006f80   0x08006f80   0x00000020   Code   RO         6180    i.TIM9_Change_ARR   tim9.o
    0x08006fa0   0x08006fa0   0x00000024   Code   RO         6181    i.TIM9_Config       tim9.o
    0x08006fc4   0x08006fc4   0x0000003c   Code   RO         6182    i.TIM9_PWM_GPIO_Config  tim9.o
    0x08007000   0x08007000   0x00000068   Code   RO         6183    i.TIM9_PWM_Mode_Config  tim9.o
    0x08007068   0x08007068   0x0000001c   Code   RO         6184    i.TIM9_PWM_RCC_Config  tim9.o
    0x08007084   0x08007084   0x00000018   Code   RO         4407    i.TIM_ARRPreloadConfig  stm32f4xx_tim.o
    0x0800709c   0x0800709c   0x0000001c   Code   RO         4411    i.TIM_CCxCmd        stm32f4xx_tim.o
    0x080070b8   0x080070b8   0x0000001c   Code   RO         4412    i.TIM_CCxNCmd       stm32f4xx_tim.o
    0x080070d4   0x080070d4   0x00000006   Code   RO         4413    i.TIM_ClearFlag     stm32f4xx_tim.o
    0x080070da   0x080070da   0x00000006   Code   RO         4414    i.TIM_ClearITPendingBit  stm32f4xx_tim.o
    0x080070e0   0x080070e0   0x00000018   Code   RO         4419    i.TIM_Cmd           stm32f4xx_tim.o
    0x080070f8   0x080070f8   0x0000001e   Code   RO         4421    i.TIM_CtrlPWMOutputs  stm32f4xx_tim.o
    0x08007116   0x08007116   0x00000006   Code   RO         4435    i.TIM_GetCapture2   stm32f4xx_tim.o
    0x0800711c   0x0800711c   0x00000022   Code   RO         4440    i.TIM_GetITStatus   stm32f4xx_tim.o
    0x0800713e   0x0800713e   0x00000012   Code   RO         4444    i.TIM_ITConfig      stm32f4xx_tim.o
    0x08007150   0x08007150   0x0000007c   Code   RO         4448    i.TIM_OC1Init       stm32f4xx_tim.o
    0x080071cc   0x080071cc   0x00000012   Code   RO         4451    i.TIM_OC1PreloadConfig  stm32f4xx_tim.o
    0x080071de   0x080071de   0x00000002   PAD
    0x080071e0   0x080071e0   0x000000a4   Code   RO         4453    i.TIM_OC2Init       stm32f4xx_tim.o
    0x08007284   0x08007284   0x000000a0   Code   RO         4458    i.TIM_OC3Init       stm32f4xx_tim.o
    0x08007324   0x08007324   0x00000012   Code   RO         4461    i.TIM_OC3PreloadConfig  stm32f4xx_tim.o
    0x08007336   0x08007336   0x00000012   Code   RO         4473    i.TIM_SelectInputTrigger  stm32f4xx_tim.o
    0x08007348   0x08007348   0x00000012   Code   RO         4474    i.TIM_SelectMasterSlaveMode  stm32f4xx_tim.o
    0x0800735a   0x0800735a   0x00000012   Code   RO         4477    i.TIM_SelectOutputTrigger  stm32f4xx_tim.o
    0x0800736c   0x0800736c   0x00000012   Code   RO         4478    i.TIM_SelectSlaveMode  stm32f4xx_tim.o
    0x0800737e   0x0800737e   0x00000004   Code   RO         4479    i.TIM_SetAutoreload  stm32f4xx_tim.o
    0x08007382   0x08007382   0x00000004   Code   RO         4481    i.TIM_SetCompare1   stm32f4xx_tim.o
    0x08007386   0x08007386   0x00000004   Code   RO         4482    i.TIM_SetCompare2   stm32f4xx_tim.o
    0x0800738a   0x0800738a   0x00000002   PAD
    0x0800738c   0x0800738c   0x00000084   Code   RO         4491    i.TIM_TimeBaseInit  stm32f4xx_tim.o
    0x08007410   0x08007410   0x00000058   Code   RO         5449    i.Togg_GPIO         gpio.o
    0x08007468   0x08007468   0x00000188   Code   RO         7686    i.Trends_Fin        resolv.o
    0x080075f0   0x080075f0   0x00000020   Code   RO         5659    i.USART1_Config     usart1.o
    0x08007610   0x08007610   0x00000010   Code   RO         5660    i.USART1_DMA_Config  usart1.o
    0x08007620   0x08007620   0x000000dc   Code   RO         5661    i.USART1_DMA_Mode_Config  usart1.o
    0x080076fc   0x080076fc   0x00000068   Code   RO         5662    i.USART1_DMA_NVIC_Config  usart1.o
    0x08007764   0x08007764   0x0000000c   Code   RO         5663    i.USART1_DMA_RCC_Config  usart1.o
    0x08007770   0x08007770   0x00000070   Code   RO         5664    i.USART1_DMA_Send   usart1.o
    0x080077e0   0x080077e0   0x00000050   Code   RO         5665    i.USART1_GPIO_Config  usart1.o
    0x08007830   0x08007830   0x00000078   Code   RO         5666    i.USART1_IRQHandler  usart1.o
    0x080078a8   0x080078a8   0x00000010   Code   RO         5667    i.USART1_Init       usart1.o
    0x080078b8   0x080078b8   0x00000040   Code   RO         5668    i.USART1_Mode_Config  usart1.o
    0x080078f8   0x080078f8   0x00000050   Code   RO         5669    i.USART1_NVIC_Config  usart1.o
    0x08007948   0x08007948   0x0000001c   Code   RO         5670    i.USART1_RCC_Config  usart1.o
    0x08007964   0x08007964   0x000000a8   Code   RO         5671    i.USART1_RcvDMADataAddrCal  usart1.o
    0x08007a0c   0x08007a0c   0x00000054   Code   RO         5672    i.USART1_VarInit    usart1.o
    0x08007a60   0x08007a60   0x00000020   Code   RO         5782    i.USART2_Config     usart2.o
    0x08007a80   0x08007a80   0x00000010   Code   RO         5783    i.USART2_DMA_Init   usart2.o
    0x08007a90   0x08007a90   0x000000d8   Code   RO         5784    i.USART2_DMA_Mode_Config  usart2.o
    0x08007b68   0x08007b68   0x00000068   Code   RO         5785    i.USART2_DMA_NVIC_Config  usart2.o
    0x08007bd0   0x08007bd0   0x0000000c   Code   RO         5786    i.USART2_DMA_RCC_Config  usart2.o
    0x08007bdc   0x08007bdc   0x00000070   Code   RO         5787    i.USART2_DMA_Send   usart2.o
    0x08007c4c   0x08007c4c   0x00000050   Code   RO         5788    i.USART2_GPIO_Config  usart2.o
    0x08007c9c   0x08007c9c   0x00000098   Code   RO         5789    i.USART2_IRQHandler  usart2.o
    0x08007d34   0x08007d34   0x00000010   Code   RO         5790    i.USART2_Init       usart2.o
    0x08007d44   0x08007d44   0x00000038   Code   RO         5791    i.USART2_Mode_Config  usart2.o
    0x08007d7c   0x08007d7c   0x00000050   Code   RO         5792    i.USART2_NVIC_Config  usart2.o
    0x08007dcc   0x08007dcc   0x0000001c   Code   RO         5793    i.USART2_RCC_Config  usart2.o
    0x08007de8   0x08007de8   0x000000a8   Code   RO         5794    i.USART2_RcvDMADataAddrCal  usart2.o
    0x08007e90   0x08007e90   0x00000030   Code   RO         5795    i.USART2_VarInit    usart2.o
    0x08007ec0   0x08007ec0   0x00000020   Code   RO         5892    i.USART3_Config     usart3.o
    0x08007ee0   0x08007ee0   0x00000010   Code   RO         5893    i.USART3_DMA_Init   usart3.o
    0x08007ef0   0x08007ef0   0x000000d8   Code   RO         5894    i.USART3_DMA_Mode_Config  usart3.o
    0x08007fc8   0x08007fc8   0x00000068   Code   RO         5895    i.USART3_DMA_NVIC_Config  usart3.o
    0x08008030   0x08008030   0x0000000c   Code   RO         5896    i.USART3_DMA_RCC_Config  usart3.o
    0x0800803c   0x0800803c   0x00000050   Code   RO         5898    i.USART3_GPIO_Config  usart3.o
    0x0800808c   0x0800808c   0x00000098   Code   RO         5899    i.USART3_IRQHandler  usart3.o
    0x08008124   0x08008124   0x00000010   Code   RO         5900    i.USART3_Init       usart3.o
    0x08008134   0x08008134   0x00000040   Code   RO         5901    i.USART3_Mode_Config  usart3.o
    0x08008174   0x08008174   0x00000050   Code   RO         5902    i.USART3_NVIC_Config  usart3.o
    0x080081c4   0x080081c4   0x0000001c   Code   RO         5903    i.USART3_RCC_Config  usart3.o
    0x080081e0   0x080081e0   0x000000a8   Code   RO         5904    i.USART3_RcvDMADataAddrCal  usart3.o
    0x08008288   0x08008288   0x00000030   Code   RO         5905    i.USART3_VarInit    usart3.o
    0x080082b8   0x080082b8   0x00000020   Code   RO         6002    i.USART6_Config     usart6.o
    0x080082d8   0x080082d8   0x00000050   Code   RO         6003    i.USART6_GPIO_Config  usart6.o
    0x08008328   0x08008328   0x000000a0   Code   RO         6004    i.USART6_IRQHandler  usart6.o
    0x080083c8   0x080083c8   0x0000000c   Code   RO         6005    i.USART6_Init       usart6.o
    0x080083d4   0x080083d4   0x00000038   Code   RO         6006    i.USART6_Mode_Config  usart6.o
    0x0800840c   0x0800840c   0x00000050   Code   RO         6007    i.USART6_NVIC_Config  usart6.o
    0x0800845c   0x0800845c   0x0000001c   Code   RO         6008    i.USART6_RCC_Config  usart6.o
    0x08008478   0x08008478   0x0000001c   Code   RO         6010    i.USART6_VarInit    usart6.o
    0x08008494   0x08008494   0x00000012   Code   RO         4969    i.USART_ClearFlag   stm32f4xx_usart.o
    0x080084a6   0x080084a6   0x0000001e   Code   RO         4970    i.USART_ClearITPendingBit  stm32f4xx_usart.o
    0x080084c4   0x080084c4   0x00000018   Code   RO         4973    i.USART_Cmd         stm32f4xx_usart.o
    0x080084dc   0x080084dc   0x00000012   Code   RO         4974    i.USART_DMACmd      stm32f4xx_usart.o
    0x080084ee   0x080084ee   0x00000002   PAD
    0x080084f0   0x080084f0   0x000000f0   Code   RO         4975    i.USART_DeInit      stm32f4xx_usart.o
    0x080085e0   0x080085e0   0x0000001a   Code   RO         4976    i.USART_GetFlagStatus  stm32f4xx_usart.o
    0x080085fa   0x080085fa   0x00000054   Code   RO         4977    i.USART_GetITStatus  stm32f4xx_usart.o
    0x0800864e   0x0800864e   0x0000004a   Code   RO         4979    i.USART_ITConfig    stm32f4xx_usart.o
    0x08008698   0x08008698   0x000000d4   Code   RO         4980    i.USART_Init        stm32f4xx_usart.o
    0x0800876c   0x0800876c   0x00000016   Code   RO         4986    i.USART_OverSampling8Cmd  stm32f4xx_usart.o
    0x08008782   0x08008782   0x0000000a   Code   RO         4987    i.USART_ReceiveData  stm32f4xx_usart.o
    0x0800878c   0x0800878c   0x00000004   Code   RO         5388    i.UsageFault_Handler  stm32f4xx_it.o
    0x08008790   0x08008790   0x0000001c   Code   RO         7875    i.WinToBoradCameraHook  commwind.o
    0x080087ac   0x080087ac   0x00000350   Code   RO         7876    i.WinToBoradEnginHook  commwind.o
    0x08008afc   0x08008afc   0x00000068   Code   RO         7877    i.WinToBoradStartHook  commwind.o
    0x08008b64   0x08008b64   0x00000038   Code   RO         7878    i.WinToBoradStopHook  commwind.o
    0x08008b9c   0x08008b9c   0x00000b44   Code   RO         7802    i.WorkSequ          worksequ.o
    0x080096e0   0x080096e0   0x00000028   Code   RO         8466    i.__0sprintf        mc_w.l(printfa.o)
    0x08009708   0x08009708   0x00000030   Code   RO         8528    i.__ARM_fpclassify  m_wm.l(fpclassify.o)
    0x08009738   0x08009738   0x00000026   Code   RO         8530    i.__ARM_fpclassifyf  m_wm.l(fpclassifyf.o)
    0x0800975e   0x0800975e   0x00000002   PAD
    0x08009760   0x08009760   0x00000008   Code   RO         8588    i.__aeabi_errno_addr  mc_w.l(errno.o)
    0x08009768   0x08009768   0x00000038   Code   RO         8124    i.__hardfp_atof     m_wm.l(atof.o)
    0x080097a0   0x080097a0   0x000001e8   Code   RO         8130    i.__hardfp_expf     m_wm.l(expf.o)
    0x08009988   0x08009988   0x00000014   Code   RO         8144    i.__hardfp_fabs     m_wm.l(fabs.o)
    0x0800999c   0x0800999c   0x00000004   PAD
    0x080099a0   0x080099a0   0x000003c4   Code   RO         8150    i.__hardfp_log      m_wm.l(log.o)
    0x08009d64   0x08009d64   0x00000004   PAD
    0x08009d68   0x08009d68   0x00000c50   Code   RO         8164    i.__hardfp_pow      m_wm.l(pow.o)
    0x0800a9b8   0x0800a9b8   0x000000f8   Code   RO         8546    i.__kernel_poly     m_wm.l(poly.o)
    0x0800aab0   0x0800aab0   0x00000030   Code   RO         8514    i.__mathlib_dbl_divzero  m_wm.l(dunder.o)
    0x0800aae0   0x0800aae0   0x00000014   Code   RO         8515    i.__mathlib_dbl_infnan  m_wm.l(dunder.o)
    0x0800aaf4   0x0800aaf4   0x00000014   Code   RO         8516    i.__mathlib_dbl_infnan2  m_wm.l(dunder.o)
    0x0800ab08   0x0800ab08   0x00000020   Code   RO         8517    i.__mathlib_dbl_invalid  m_wm.l(dunder.o)
    0x0800ab28   0x0800ab28   0x00000020   Code   RO         8518    i.__mathlib_dbl_overflow  m_wm.l(dunder.o)
    0x0800ab48   0x0800ab48   0x00000020   Code   RO         8520    i.__mathlib_dbl_underflow  m_wm.l(dunder.o)
    0x0800ab68   0x0800ab68   0x00000006   Code   RO         8533    i.__mathlib_flt_infnan  m_wm.l(funder.o)
    0x0800ab6e   0x0800ab6e   0x00000002   PAD
    0x0800ab70   0x0800ab70   0x00000010   Code   RO         8536    i.__mathlib_flt_overflow  m_wm.l(funder.o)
    0x0800ab80   0x0800ab80   0x00000010   Code   RO         8538    i.__mathlib_flt_underflow  m_wm.l(funder.o)
    0x0800ab90   0x0800ab90   0x0000000c   Code   RO         8589    i.__read_errno      mc_w.l(errno.o)
    0x0800ab9c   0x0800ab9c   0x0000000e   Code   RO         8637    i.__scatterload_copy  mc_w.l(handlers.o)
    0x0800abaa   0x0800abaa   0x00000002   Code   RO         8638    i.__scatterload_null  mc_w.l(handlers.o)
    0x0800abac   0x0800abac   0x0000000e   Code   RO         8639    i.__scatterload_zeroinit  mc_w.l(handlers.o)
    0x0800abba   0x0800abba   0x00000002   PAD
    0x0800abbc   0x0800abbc   0x0000000c   Code   RO         8590    i.__set_errno       mc_w.l(errno.o)
    0x0800abc8   0x0800abc8   0x00000184   Code   RO         8471    i._fp_digits        mc_w.l(printfa.o)
    0x0800ad4c   0x0800ad4c   0x0000000e   Code   RO         8615    i._is_digit         mc_w.l(scanf_fp.o)
    0x0800ad5a   0x0800ad5a   0x00000002   PAD
    0x0800ad5c   0x0800ad5c   0x000006dc   Code   RO         8472    i._printf_core      mc_w.l(printfa.o)
    0x0800b438   0x0800b438   0x00000024   Code   RO         8473    i._printf_post_padding  mc_w.l(printfa.o)
    0x0800b45c   0x0800b45c   0x0000002e   Code   RO         8474    i._printf_pre_padding  mc_w.l(printfa.o)
    0x0800b48a   0x0800b48a   0x0000000a   Code   RO         8476    i._sputc            mc_w.l(printfa.o)
    0x0800b494   0x0800b494   0x0000004a   Code   RO         7687    i.c2i               resolv.o
    0x0800b4de   0x0800b4de   0x00000002   PAD
    0x0800b4e0   0x0800b4e0   0x00000108   Code   RO         7688    i.data2hex          resolv.o
    0x0800b5e8   0x0800b5e8   0x00000018   Code   RO         5579    i.delay_us          iic.o
    0x0800b600   0x0800b600   0x00000018   Code   RO         8146    i.fabs              m_wm.l(fabs.o)
    0x0800b618   0x0800b618   0x0000009c   Code   RO         7689    i.h2i               resolv.o
    0x0800b6b4   0x0800b6b4   0x000002bc   Code   RO         8089    i.inspection_fun    inspection.o
    0x0800b970   0x0800b970   0x0000001a   Code   RO         7690    i.is_isalpha        resolv.o
    0x0800b98a   0x0800b98a   0x00000012   Code   RO         7691    i.is_isdigit        resolv.o
    0x0800b99c   0x0800b99c   0x00000012   Code   RO         7692    i.is_isupper        resolv.o
    0x0800b9ae   0x0800b9ae   0x00000002   PAD
    0x0800b9b0   0x0800b9b0   0x0000007c   Code   RO         5227    i.main              main.o
    0x0800ba2c   0x0800ba2c   0x0000004c   Code   RO         7614    i.pr59hook          control.o
    0x0800ba78   0x0800ba78   0x00000098   Code   RO         6948    i.prvAddCurrentTaskToDelayedList  tasks.o
    0x0800bb10   0x0800bb10   0x000000b8   Code   RO         6949    i.prvAddNewTaskToReadyList  tasks.o
    0x0800bbc8   0x0800bbc8   0x00000064   Code   RO         7318    i.prvCheckForValidListAndQueue  timers.o
    0x0800bc2c   0x0800bc2c   0x00000048   Code   RO         6950    i.prvCheckTasksWaitingTermination  tasks.o
    0x0800bc74   0x0800bc74   0x0000002a   Code   RO         6580    i.prvCopyDataFromQueue  queue.o
    0x0800bc9e   0x0800bc9e   0x0000007e   Code   RO         6581    i.prvCopyDataToQueue  queue.o
    0x0800bd1c   0x0800bd1c   0x00000012   Code   RO         6951    i.prvDeleteTCB      tasks.o
    0x0800bd2e   0x0800bd2e   0x00000014   Code   RO         6582    i.prvGetDisinheritPriorityAfterTimeout  queue.o
    0x0800bd42   0x0800bd42   0x00000002   PAD
    0x0800bd44   0x0800bd44   0x00000028   Code   RO         7319    i.prvGetNextExpireTime  timers.o
    0x0800bd6c   0x0800bd6c   0x0000007c   Code   RO         7475    i.prvHeapInit       heap_4.o
    0x0800bde8   0x0800bde8   0x00000028   Code   RO         6952    i.prvIdleTask       tasks.o
    0x0800be10   0x0800be10   0x0000002a   Code   RO         6584    i.prvInitialiseNewQueue  queue.o
    0x0800be3a   0x0800be3a   0x000000be   Code   RO         6953    i.prvInitialiseNewTask  tasks.o
    0x0800bef8   0x0800bef8   0x00000068   Code   RO         6954    i.prvInitialiseTaskLists  tasks.o
    0x0800bf60   0x0800bf60   0x00000068   Code   RO         7476    i.prvInsertBlockIntoFreeList  heap_4.o
    0x0800bfc8   0x0800bfc8   0x00000058   Code   RO         7321    i.prvInsertTimerInActiveList  timers.o
    0x0800c020   0x0800c020   0x0000001a   Code   RO         6585    i.prvIsQueueEmpty   queue.o
    0x0800c03a   0x0800c03a   0x0000001e   Code   RO         6586    i.prvIsQueueFull    queue.o
    0x0800c058   0x0800c058   0x00000074   Code   RO         7322    i.prvProcessExpiredTimer  timers.o
    0x0800c0cc   0x0800c0cc   0x00000138   Code   RO         7323    i.prvProcessReceivedCommands  timers.o
    0x0800c204   0x0800c204   0x00000074   Code   RO         7324    i.prvProcessTimerOrBlockTask  timers.o
    0x0800c278   0x0800c278   0x00000030   Code   RO         6956    i.prvResetNextTaskUnblockTime  tasks.o
    0x0800c2a8   0x0800c2a8   0x0000002c   Code   RO         7325    i.prvSampleTimeNow  timers.o
    0x0800c2d4   0x0800c2d4   0x000000a4   Code   RO         7326    i.prvSwitchTimerLists  timers.o
    0x0800c378   0x0800c378   0x00000016   Code   RO         6957    i.prvTaskCheckFreeStackSpace  tasks.o
    0x0800c38e   0x0800c38e   0x00000002   PAD
    0x0800c390   0x0800c390   0x00000040   Code   RO         7532    i.prvTaskExitError  port.o
    0x0800c3d0   0x0800c3d0   0x0000001a   Code   RO         7327    i.prvTimerTask      timers.o
    0x0800c3ea   0x0800c3ea   0x0000007e   Code   RO         6587    i.prvUnlockQueue    queue.o
    0x0800c468   0x0800c468   0x0000016c   Code   RO         7477    i.pvPortMalloc      heap_4.o
    0x0800c5d4   0x0800c5d4   0x00000020   Code   RO         6959    i.pvTaskIncrementMutexHeldCount  tasks.o
    0x0800c5f4   0x0800c5f4   0x0000002c   Code   RO         7533    i.pxPortInitialiseStack  port.o
    0x0800c620   0x0800c620   0x0000005c   Code   RO         7986    i.setFilter         elect.o
    0x0800c67c   0x0800c67c   0x0000006e   Code   RO         8551    i.sqrt              m_wm.l(sqrt.o)
    0x0800c6ea   0x0800c6ea   0x00000028   Code   RO         6540    i.uxListRemove      list.o
    0x0800c712   0x0800c712   0x00000002   PAD
    0x0800c714   0x0800c714   0x00000028   Code   RO         6963    i.uxTaskGetStackHighWaterMark  tasks.o
    0x0800c73c   0x0800c73c   0x0000001a   Code   RO         6541    i.vListInitialise   list.o
    0x0800c756   0x0800c756   0x00000006   Code   RO         6542    i.vListInitialiseItem  list.o
    0x0800c75c   0x0800c75c   0x00000034   Code   RO         6543    i.vListInsert       list.o
    0x0800c790   0x0800c790   0x00000018   Code   RO         6544    i.vListInsertEnd    list.o
    0x0800c7a8   0x0800c7a8   0x00000054   Code   RO         7535    i.vPortEnterCritical  port.o
    0x0800c7fc   0x0800c7fc   0x0000003c   Code   RO         7536    i.vPortExitCritical  port.o
    0x0800c838   0x0800c838   0x000000a4   Code   RO         7478    i.vPortFree         heap_4.o
    0x0800c8dc   0x0800c8dc   0x00000028   Code   RO         7537    i.vPortSetupTimerInterrupt  port.o
    0x0800c904   0x0800c904   0x00000078   Code   RO         7538    i.vPortValidateInterruptPriority  port.o
    0x0800c97c   0x0800c97c   0x0000002c   Code   RO         6593    i.vQueueAddToRegistry  queue.o
    0x0800c9a8   0x0800c9a8   0x0000004a   Code   RO         6597    i.vQueueWaitForMessageRestricted  queue.o
    0x0800c9f2   0x0800c9f2   0x00000002   PAD
    0x0800c9f4   0x0800c9f4   0x0000005c   Code   RO         6969    i.vTaskDelay        tasks.o
    0x0800ca50   0x0800ca50   0x000000f4   Code   RO         6970    i.vTaskDelete       tasks.o
    0x0800cb44   0x0800cb44   0x00000018   Code   RO         6974    i.vTaskInternalSetTimeOutState  tasks.o
    0x0800cb5c   0x0800cb5c   0x0000000c   Code   RO         6975    i.vTaskMissedYield  tasks.o
    0x0800cb68   0x0800cb68   0x00000038   Code   RO         6976    i.vTaskPlaceOnEventList  tasks.o
    0x0800cba0   0x0800cba0   0x00000040   Code   RO         6977    i.vTaskPlaceOnEventListRestricted  tasks.o
    0x0800cbe0   0x0800cbe0   0x000000e4   Code   RO         6979    i.vTaskPriorityDisinheritAfterTimeout  tasks.o
    0x0800ccc4   0x0800ccc4   0x0000009c   Code   RO         6985    i.vTaskStartScheduler  tasks.o
    0x0800cd60   0x0800cd60   0x00000010   Code   RO         6987    i.vTaskSuspendAll   tasks.o
    0x0800cd70   0x0800cd70   0x0000008c   Code   RO         6988    i.vTaskSwitchContext  tasks.o
    0x0800cdfc   0x0800cdfc   0x00000088   Code   RO         7879    i.workstarthander   commwind.o
    0x0800ce84   0x0800ce84   0x00000070   Code   RO         7880    i.workstophander    commwind.o
    0x0800cef4   0x0800cef4   0x00000168   Code   RO         7539    i.xPortStartScheduler  port.o
    0x0800d05c   0x0800d05c   0x000000a2   Code   RO         6600    i.xQueueGenericCreate  queue.o
    0x0800d0fe   0x0800d0fe   0x00000002   PAD
    0x0800d100   0x0800d100   0x00000098   Code   RO         6601    i.xQueueGenericReset  queue.o
    0x0800d198   0x0800d198   0x000001a8   Code   RO         6602    i.xQueueGenericSend  queue.o
    0x0800d340   0x0800d340   0x00000120   Code   RO         6603    i.xQueueGenericSendFromISR  queue.o
    0x0800d460   0x0800d460   0x00000104   Code   RO         6604    i.xQueueGiveFromISR  queue.o
    0x0800d564   0x0800d564   0x00000168   Code   RO         6610    i.xQueueReceive     queue.o
    0x0800d6cc   0x0800d6cc   0x000001b8   Code   RO         6612    i.xQueueSemaphoreTake  queue.o
    0x0800d884   0x0800d884   0x00000090   Code   RO         6990    i.xTaskCheckForTimeOut  tasks.o
    0x0800d914   0x0800d914   0x00000060   Code   RO         6991    i.xTaskCreate       tasks.o
    0x0800d974   0x0800d974   0x000000d8   Code   RO         6992    i.xTaskDelayUntil   tasks.o
    0x0800da4c   0x0800da4c   0x00000020   Code   RO         6998    i.xTaskGetSchedulerState  tasks.o
    0x0800da6c   0x0800da6c   0x0000000c   Code   RO         6999    i.xTaskGetTickCount  tasks.o
    0x0800da78   0x0800da78   0x00000148   Code   RO         7001    i.xTaskIncrementTick  tasks.o
    0x0800dbc0   0x0800dbc0   0x000000bc   Code   RO         7002    i.xTaskPriorityDisinherit  tasks.o
    0x0800dc7c   0x0800dc7c   0x000000b8   Code   RO         7003    i.xTaskPriorityInherit  tasks.o
    0x0800dd34   0x0800dd34   0x00000098   Code   RO         7004    i.xTaskRemoveFromEventList  tasks.o
    0x0800ddcc   0x0800ddcc   0x00000104   Code   RO         7005    i.xTaskResumeAll    tasks.o
    0x0800ded0   0x0800ded0   0x00000058   Code   RO         7335    i.xTimerCreateTimerTask  timers.o
    0x0800df28   0x0800df28   0x00000084   Code   RO         7336    i.xTimerGenericCommand  timers.o
    0x0800dfac   0x0800dfac   0x000002c6   Data   RO         7616    .constdata          control.o
    0x0800e272   0x0800e272   0x00000002   PAD
    0x0800e274   0x0800e274   0x00000005   Data   RO         7694    .constdata          resolv.o
    0x0800e279   0x0800e279   0x00000003   PAD
    0x0800e27c   0x0800e27c   0x00000074   Data   RO         7882    .constdata          commwind.o
    0x0800e2f0   0x0800e2f0   0x00000030   Data   RO         8133    .constdata          m_wm.l(expf.o)
    0x0800e320   0x0800e320   0x00000038   Data   RO         8153    .constdata          m_wm.l(log.o)
    0x0800e358   0x0800e358   0x00000088   Data   RO         8167    .constdata          m_wm.l(pow.o)
    0x0800e3e0   0x0800e3e0   0x00000081   Data   RO         8182    .constdata          mc_w.l(ctype_o.o)
    0x0800e461   0x0800e461   0x00000003   PAD
    0x0800e464   0x0800e464   0x00000004   Data   RO         8183    .constdata          mc_w.l(ctype_o.o)
    0x0800e468   0x0800e468   0x00000008   Data   RO         8548    .constdata          m_wm.l(qnan.o)
    0x0800e470   0x0800e470   0x00000020   Data   RO         8635    Region$$Table       anon$$obj.o


    Execution Region RW_IRAM1 (Exec base: 0x20000000, Load base: 0x0800e490, Size: 0x0001fee8, Max: 0x00020000, ABSOLUTE, COMPRESSED[0x0000005c])

    Exec Addr    Load Addr    Size         Type   Attr      Idx    E Section Name        Object

    0x20000000   COMPRESSED   0x00000014   Data   RW           16    .data               system_stm32f4xx.o
    0x20000014   COMPRESSED   0x00000010   Data   RW         3076    .data               stm32f4xx_rcc.o
    0x20000024   COMPRESSED   0x0000000c   Data   RW         5389    .data               stm32f4xx_it.o
    0x20000030   COMPRESSED   0x00000008   Data   RW         5674    .data               usart1.o
    0x20000038   COMPRESSED   0x00000010   Data   RW         5797    .data               usart2.o
    0x20000048   COMPRESSED   0x00000010   Data   RW         5907    .data               usart3.o
    0x20000058   COMPRESSED   0x00000001   Data   RW         6096    .data               tim1.o
    0x20000059   COMPRESSED   0x00000003   PAD
    0x2000005c   COMPRESSED   0x00000034   Data   RW         6243    .data               tim3.o
    0x20000090   COMPRESSED   0x00000010   Data   RW         6311    .data               tim4.o
    0x200000a0   COMPRESSED   0x00000020   Data   RW         6366    .data               exti.o
    0x200000c0   COMPRESSED   0x00000040   Data   RW         7008    .data               tasks.o
    0x20000100   COMPRESSED   0x00000014   Data   RW         7342    .data               timers.o
    0x20000114   COMPRESSED   0x00000020   Data   RW         7484    .data               heap_4.o
    0x20000134   COMPRESSED   0x0000000c   Data   RW         7540    .data               port.o
    0x20000140   COMPRESSED   0x00000028   Data   RW         7617    .data               control.o
    0x20000168   COMPRESSED   0x00000021   Data   RW         7695    .data               resolv.o
    0x20000189   COMPRESSED   0x00000007   PAD
    0x20000190   COMPRESSED   0x00000040   Data   RW         7803    .data               worksequ.o
    0x200001d0   COMPRESSED   0x0000003c   Data   RW         7883    .data               commwind.o
    0x2000020c   COMPRESSED   0x00000015   Data   RW         7988    .data               elect.o
    0x20000221   COMPRESSED   0x00000003   PAD
    0x20000224   COMPRESSED   0x00000014   Data   RW         8090    .data               inspection.o
    0x20000238   COMPRESSED   0x00000004   Data   RW         8591    .data               mc_w.l(errno.o)
    0x2000023c        -       0x00000520   Zero   RW         5673    .bss                usart1.o
    0x2000075c        -       0x000000e0   Zero   RW         5796    .bss                usart2.o
    0x2000083c        -       0x000000e0   Zero   RW         5906    .bss                usart3.o
    0x2000091c        -       0x00000110   Zero   RW         6011    .bss                usart6.o
    0x20000a2c        -       0x00000040   Zero   RW         6614    .bss                queue.o
    0x20000a6c        -       0x000000c8   Zero   RW         7007    .bss                tasks.o
    0x20000b34        -       0x00000028   Zero   RW         7341    .bss                timers.o
    0x20000b5c        -       0x00006c00   Zero   RW         7483    .bss                heap_4.o
    0x2000775c        -       0x00000086   Zero   RW         7615    .bss                control.o
    0x200077e2   COMPRESSED   0x00000006   PAD
    0x200077e8        -       0x00013c28   Zero   RW         7693    .bss                resolv.o
    0x2001b410        -       0x00000220   Zero   RW         7881    .bss                commwind.o
    0x2001b630        -       0x00000034   Zero   RW         7987    .bss                elect.o
    0x2001b664   COMPRESSED   0x00000004   PAD
    0x2001b668        -       0x00004880   Zero   RW            1    STACK               startup_stm32f40_41xxx.o


==============================================================================

Image component sizes


      Code (inc. data)   RO Data    RW Data    ZI Data      Debug   Object Name

      1034         90          0          0          0       4185   adc.o
      2048        310        116         60        544      12803   commwind.o
      2200        160        710         40        134       8341   control.o
       920        134          0         21         52       8961   elect.o
         0          0          0          0          0      13744   event_groups.o
       488         74          0         32          0       3588   exti.o
       800         80          0          0          0       4272   gpio.o
       756         74          0         32      27648       4879   heap_4.o
       512         64          0          0          0       3813   iic.o
       764        110          0         20          0       2093   inspection.o
       148          0          0          0          0       3670   list.o
       124         12          0          0          0      18579   main.o
       140         24          0          0          0     275995   misc.o
      1014         92          0         12          0      12297   port.o
      2616         26          0          0         64      20532   queue.o
      6264        428          5         33      80936      17233   resolv.o
        36          8        392          0      18560        900   startup_stm32f40_41xxx.o
       394         24          0          0          0       6291   stm32f4xx_adc.o
       730         54          0          0          0       8970   stm32f4xx_dma.o
       236         28          0          0          0       3317   stm32f4xx_exti.o
       250          0          0          0          0       3757   stm32f4xx_gpio.o
         0          0          0          0          0     284828   stm32f4xx_hash_md5.o
        88         26          0         12          0       3361   stm32f4xx_it.o
       392         48          0         16          0       5857   stm32f4xx_rcc.o
        64          4          0          0          0        640   stm32f4xx_syscfg.o
       904         58          0          0          0      14536   stm32f4xx_tim.o
       758         42          0          0          0       7987   stm32f4xx_usart.o
       532         54          0         20          0     307413   system_stm32f4xx.o
      3546        444          0         64        200      34231   tasks.o
       698         66          0          1          0       5160   tim1.o
       868         50          0         52          0       6812   tim3.o
       218         20          0         16          0       2485   tim4.o
       292         22          0          0          0       3378   tim9.o
      1226        116          0         20         40      24091   timers.o
      1292        124          0          8       1312      11991   usart1.o
      1276        126          0         16        224      11996   usart2.o
      1172        108          0         16        224      11198   usart3.o
       476         44          0          0        272       6296   usart6.o
     10076       1510          0         64          0       6664   worksequ.o

    ----------------------------------------------------------------------
     45398       4654       1260        568     130220    1187144   Object Totals
         0          0         32          0          0          0   (incl. Generated)
        46          0          5         13         10          0   (incl. Padding)

    ----------------------------------------------------------------------

      Code (inc. data)   RO Data    RW Data    ZI Data      Debug   Library Member Name

        56         12          0          0          0        132   atof.o
       184         44          0          0          0        744   dunder.o
       488         62         48          0          0        236   expf.o
        44          0          0          0          0        248   fabs.o
        48          0          0          0          0        124   fpclassify.o
        38          0          0          0          0        116   fpclassifyf.o
        38         12          0          0          0        348   funder.o
       964         92         56          0          0        316   log.o
       248          0          0          0          0        152   poly.o
      3152        296        136          0          0        352   pow.o
         0          0          8          0          0          0   qnan.o
       110          0          0          0          0        148   sqrt.o
        86          0          0          0          0          0   __dczerorl2.o
        28          0          0          0          0         68   _chval.o
        64          0          0          0          0         84   _sgetc.o
       158          0          0          0          0         92   _strtoul.o
        26          0          0          0          0         80   atoi.o
         8          4        133          0          0         68   ctype_o.o
         0          0          0          0          0          0   entry.o
         0          0          0          0          0          0   entry10a.o
         0          0          0          0          0          0   entry11a.o
         8          4          0          0          0          0   entry2.o
         4          0          0          0          0          0   entry5.o
         0          0          0          0          0          0   entry7b.o
         0          0          0          0          0          0   entry8b.o
         8          4          0          0          0          0   entry9a.o
        32         16          0          4          0        204   errno.o
        30          0          0          0          0          0   handlers.o
        36          8          0          0          0         68   init.o
        18          0          0          0          0         76   isspace_o.o
         0          0          0          0          0          0   iusefp.o
        30          0          0          0          0         68   llshl.o
        36          0          0          0          0         68   llsshr.o
        32          0          0          0          0         68   llushr.o
        36          0          0          0          0         68   memcpya.o
        36          0          0          0          0        108   memseta.o
      2276         86          0          0          0        520   printfa.o
       878         12          0          0          0        216   scanf_fp.o
        24          0          0          0          0         68   strcat.o
        20          0          0          0          0         68   strchr.o
        28          0          0          0          0         76   strcmp.o
        18          0          0          0          0         68   strcpy.o
        14          0          0          0          0         68   strlen.o
        30          0          0          0          0         80   strncmp.o
        24          0          0          0          0         76   strncpy.o
       156         12          0          0          0        120   strtod.o
       112          0          0          0          0         88   strtol.o
        44          0          0          0          0         80   uidiv.o
        98          0          0          0          0         92   uldiv.o
        48          0          0          0          0         68   cdcmple.o
        48          0          0          0          0         68   cdrcmple.o
        56          0          0          0          0         88   d2f.o
       334          0          0          0          0        148   dadd.o
       222          0          0          0          0        100   ddiv.o
       186          0          0          0          0        176   depilogue.o
        62          0          0          0          0         80   dfixi.o
        50          0          0          0          0         76   dfixui.o
        48          0          0          0          0         68   dfixul.o
        34          0          0          0          0         76   dflti.o
        26          0          0          0          0         76   dfltui.o
        24          0          0          0          0         76   dfltul.o
       228          0          0          0          0         96   dmul.o
        46          0          0          0          0         80   dscalb.o
       162          0          0          0          0        100   dsqrt.o
       110          0          0          0          0        168   fepilogue.o

    ----------------------------------------------------------------------
     11470        668        384          4          0       7200   Library Totals
        18          4          3          0          0          0   (incl. Padding)

    ----------------------------------------------------------------------

      Code (inc. data)   RO Data    RW Data    ZI Data      Debug   Library Name

      5370        518        248          0          0       2916   m_wm.l
      4398        146        133          4          0       2740   mc_w.l
      1684          0          0          0          0       1544   mf_w.l

    ----------------------------------------------------------------------
     11470        668        384          4          0       7200   Library Totals

    ----------------------------------------------------------------------

==============================================================================


      Code (inc. data)   RO Data    RW Data    ZI Data      Debug   

     56868       5322       1644        572     130220    1158436   Grand Totals
     56868       5322       1644         92     130220    1158436   ELF Image Totals (compressed)
     56868       5322       1644         92          0          0   ROM Totals

==============================================================================

    Total RO  Size (Code + RO Data)                58512 (  57.14kB)
    Total RW  Size (RW Data + ZI Data)            130792 ( 127.73kB)
    Total ROM Size (Code + RO Data + RW Data)      58604 (  57.23kB)

==============================================================================

